Component: ARM Compiler 5.06 update 7 (build 960) Tool: armlink [4d3601]

==============================================================================

Section Cross References

    startup_stm32f407xx.o(STACK) refers (Special) to heapauxi.o(.text) for __use_two_region_memory
    startup_stm32f407xx.o(HEAP) refers (Special) to heapauxi.o(.text) for __use_two_region_memory
    startup_stm32f407xx.o(RESET) refers (Special) to heapauxi.o(.text) for __use_two_region_memory
    startup_stm32f407xx.o(RESET) refers to startup_stm32f407xx.o(STACK) for __initial_sp
    startup_stm32f407xx.o(RESET) refers to startup_stm32f407xx.o(.text) for Reset_Handler
    startup_stm32f407xx.o(RESET) refers to time_service.o(i.SysTick_Handler) for SysTick_Handler
    startup_stm32f407xx.o(RESET) refers to spi_1.o(i.SPI1_IRQHandler) for SPI1_IRQHandler
    startup_stm32f407xx.o(RESET) refers to spi_2.o(i.SPI2_IRQHandler) for SPI2_IRQHandler
    startup_stm32f407xx.o(RESET) refers to uart2.o(i.USART2_IRQHandler) for USART2_IRQHandler
    startup_stm32f407xx.o(RESET) refers to usart3.o(i.USART3_IRQHandler) for USART3_IRQHandler
    startup_stm32f407xx.o(RESET) refers to spi_3.o(i.SPI3_IRQHandler) for SPI3_IRQHandler
    startup_stm32f407xx.o(RESET) refers to usart6.o(i.USART6_IRQHandler) for USART6_IRQHandler
    startup_stm32f407xx.o(.text) refers (Special) to heapauxi.o(.text) for __use_two_region_memory
    startup_stm32f407xx.o(.text) refers to system_stm32f4xx.o(i.SystemInit) for SystemInit
    startup_stm32f407xx.o(.text) refers to __main.o(!!!main) for __main
    startup_stm32f407xx.o(.text) refers to startup_stm32f407xx.o(HEAP) for Heap_Mem
    startup_stm32f407xx.o(.text) refers to startup_stm32f407xx.o(STACK) for Stack_Mem
    main.o(i._Z10fractionaltddd) refers to dflt_clz.o(x$fpl$dfltu) for __aeabi_ui2d
    main.o(i._Z10fractionaltddd) refers to main.o(i._Z12convert_datadd) for convert_data(double, double)
    main.o(i._Z10fractionaltddd) refers to dfixu.o(x$fpl$dfixu) for __aeabi_d2uiz
    main.o(i._Z10fractionaltddd) refers to pow.o(i.__hardfp_pow) for __hardfp_pow
    main.o(i._Z10fractionaltddd) refers to dmul.o(x$fpl$dmul) for __aeabi_dmul
    main.o(i._Z12convert_datadd) refers to daddsub_clz.o(x$fpl$drsb) for __aeabi_drsub
    main.o(i._Z12convert_datadd) refers to ddiv.o(x$fpl$ddiv) for __aeabi_ddiv
    main.o(i._Z12convert_datadd) refers to daddsub_clz.o(x$fpl$dadd) for __aeabi_dadd
    main.o(i._Z12convert_datadd) refers to dfixu.o(x$fpl$dfixu) for __aeabi_d2uiz
    main.o(i._Z12convert_datadd) refers to dflt_clz.o(x$fpl$dfltu) for __aeabi_ui2d
    main.o(i._Z12convert_datadd) refers to drleqf.o(x$fpl$drleqf) for __aeabi_cdrcmple
    main.o(i._Z12convert_datadd) refers to dleqf.o(x$fpl$dleqf) for __aeabi_cdcmple
    main.o(i._Z12convert_distdd) refers to daddsub_clz.o(x$fpl$drsb) for __aeabi_drsub
    main.o(i._Z12convert_distdd) refers to ddiv.o(x$fpl$ddiv) for __aeabi_ddiv
    main.o(i._Z12convert_distdd) refers to daddsub_clz.o(x$fpl$dadd) for __aeabi_dadd
    main.o(i._Z12convert_distdd) refers to drleqf.o(x$fpl$drleqf) for __aeabi_cdrcmple
    main.o(i._Z12convert_distdd) refers to dleqf.o(x$fpl$dleqf) for __aeabi_cdcmple
    main.o(i._Z12convert_distdd) refers to main.o(.data) for _data
    main.o(i._Z14sum_of_vectorsstst) refers to dflt_clz.o(x$fpl$dflt) for __aeabi_i2d
    main.o(i._Z14sum_of_vectorsstst) refers to dmul.o(x$fpl$dmul) for __aeabi_dmul
    main.o(i._Z14sum_of_vectorsstst) refers to sin.o(i.__hardfp_sin) for __hardfp_sin
    main.o(i._Z14sum_of_vectorsstst) refers to dflt_clz.o(x$fpl$dfltu) for __aeabi_ui2d
    main.o(i._Z14sum_of_vectorsstst) refers to dfix.o(x$fpl$dfix) for __aeabi_d2iz
    main.o(i._Z14sum_of_vectorsstst) refers to cos.o(i.__hardfp_cos) for __hardfp_cos
    main.o(i._Z14sum_of_vectorsstst) refers to atan2.o(i.__hardfp_atan2) for __hardfp_atan2
    main.o(i._Z14sum_of_vectorsstst) refers to pow.o(i.__hardfp_pow) for __hardfp_pow
    main.o(i._Z14sum_of_vectorsstst) refers to daddsub_clz.o(x$fpl$dadd) for __aeabi_dadd
    main.o(i._Z14sum_of_vectorsstst) refers to sqrt.o(i.__hardfp_sqrt) for __hardfp_sqrt
    main.o(i._Z14sum_of_vectorsstst) refers to main.o(.data) for x1
    main.o(i._Z18exponential_detourdddddd) refers to main.o(i._ZSt3absd) for std::abs(double)
    main.o(i._Z18exponential_detourdddddd) refers to dmul.o(x$fpl$dmul) for __aeabi_dmul
    main.o(i._Z18exponential_detourdddddd) refers to pow.o(i.__hardfp_pow) for __hardfp_pow
    main.o(i._Z18exponential_detourdddddd) refers to drleqf.o(x$fpl$drleqf) for __aeabi_cdrcmple
    main.o(i._Z18exponential_detourdddddd) refers to main.o(i._Z12convert_distdd) for convert_dist(double, double)
    main.o(i._Z18exponential_detourdddddd) refers to basic.o(x$fpl$basic) for __aeabi_dneg
    main.o(i._Z18exponential_detourdddddd) refers to dfix.o(x$fpl$dfix) for __aeabi_d2iz
    main.o(i._Z18exponential_detourdddddd) refers to main.o(.data) for angK
[...]
    i.__mathlib_dbl_infnan                   0x08007728   Section        0  dunder.o(i.__mathlib_dbl_infnan)
    i.__mathlib_dbl_infnan2                  0x0800773c   Section        0  dunder.o(i.__mathlib_dbl_infnan2)
    i.__mathlib_dbl_invalid                  0x08007750   Section        0  dunder.o(i.__mathlib_dbl_invalid)
    i.__mathlib_dbl_overflow                 0x08007770   Section        0  dunder.o(i.__mathlib_dbl_overflow)
    i.__mathlib_dbl_underflow                0x08007790   Section        0  dunder.o(i.__mathlib_dbl_underflow)
    i.__sti___8_main_cpp_3a8c9cbf            0x080077b0   Section        0  main.o(i.__sti___8_main_cpp_3a8c9cbf)
    __sti___8_main_cpp_3a8c9cbf              0x080077b1   Thumb Code   542  main.o(i.__sti___8_main_cpp_3a8c9cbf)
    i._sys_exit                              0x08007a58   Section        0  retarget.o(i._sys_exit)
    i.assert_failed                          0x08007a5c   Section        0  retarget.o(i.assert_failed)
    i.atan                                   0x08007a66   Section        0  atan.o(i.atan)
    i.fabs                                   0x08007a76   Section        0  fabs.o(i.fabs)
    i.main                                   0x08007a8e   Section        0  main.o(i.main)
    i.sqrt                                   0x08007aae   Section        0  sqrt.o(i.sqrt)
    x$fpl$basic                              0x08007b1c   Section       24  basic.o(x$fpl$basic)
    $v0                                      0x08007b1c   Number         0  basic.o(x$fpl$basic)
    x$fpl$d2f                                0x08007b34   Section       98  d2f.o(x$fpl$d2f)
    $v0                                      0x08007b34   Number         0  d2f.o(x$fpl$d2f)
    x$fpl$dadd                               0x08007b98   Section      336  daddsub_clz.o(x$fpl$dadd)
    $v0                                      0x08007b98   Number         0  daddsub_clz.o(x$fpl$dadd)
    _dadd1                                   0x08007ba9   Thumb Code     0  daddsub_clz.o(x$fpl$dadd)
    x$fpl$dcheck1                            0x08007ce8   Section       16  dcheck1.o(x$fpl$dcheck1)
    $v0                                      0x08007ce8   Number         0  dcheck1.o(x$fpl$dcheck1)
    x$fpl$dcmpinf                            0x08007cf8   Section       24  dcmpi.o(x$fpl$dcmpinf)
    $v0                                      0x08007cf8   Number         0  dcmpi.o(x$fpl$dcmpinf)
    x$fpl$ddiv                               0x08007d10   Section      688  ddiv.o(x$fpl$ddiv)
    $v0                                      0x08007d10   Number         0  ddiv.o(x$fpl$ddiv)
    ddiv_entry                               0x08007d17   Thumb Code     0  ddiv.o(x$fpl$ddiv)
    x$fpl$deqf                               0x08007fc0   Section      120  deqf.o(x$fpl$deqf)
    $v0                                      0x08007fc0   Number         0  deqf.o(x$fpl$deqf)
    x$fpl$dfix                               0x08008038   Section       94  dfix.o(x$fpl$dfix)
    $v0                                      0x08008038   Number         0  dfix.o(x$fpl$dfix)
    x$fpl$dfixu                              0x08008098   Section       90  dfixu.o(x$fpl$dfixu)
    $v0                                      0x08008098   Number         0  dfixu.o(x$fpl$dfixu)
    x$fpl$dflt                               0x080080f2   Section       46  dflt_clz.o(x$fpl$dflt)
    $v0                                      0x080080f2   Number         0  dflt_clz.o(x$fpl$dflt)
    x$fpl$dfltll                             0x08008120   Section      162  dfltll_clz.o(x$fpl$dfltll)
    $v0                                      0x08008120   Number         0  dfltll_clz.o(x$fpl$dfltll)
    x$fpl$dfltu                              0x080081c2   Section       38  dflt_clz.o(x$fpl$dfltu)
    $v0                                      0x080081c2   Number         0  dflt_clz.o(x$fpl$dfltu)
    x$fpl$dleqf                              0x080081e8   Section      120  dleqf.o(x$fpl$dleqf)
    $v0                                      0x080081e8   Number         0  dleqf.o(x$fpl$dleqf)
    x$fpl$dmul                               0x08008260   Section      340  dmul.o(x$fpl$dmul)
    $v0                                      0x08008260   Number         0  dmul.o(x$fpl$dmul)
    x$fpl$dnaninf                            0x080083b4   Section      156  dnaninf.o(x$fpl$dnaninf)
    $v0                                      0x080083b4   Number         0  dnaninf.o(x$fpl$dnaninf)
    x$fpl$dretinf                            0x08008450   Section       12  dretinf.o(x$fpl$dretinf)
    $v0                                      0x08008450   Number         0  dretinf.o(x$fpl$dretinf)
    x$fpl$drleqf                             0x0800845c   Section      108  drleqf.o(x$fpl$drleqf)
    $v0                                      0x0800845c   Number         0  drleqf.o(x$fpl$drleqf)
    x$fpl$drsb                               0x080084c8   Section       22  daddsub_clz.o(x$fpl$drsb)
    $v0                                      0x080084c8   Number         0  daddsub_clz.o(x$fpl$drsb)
    x$fpl$dsqrt                              0x080084e0   Section      408  dsqrt_umaal.o(x$fpl$dsqrt)
    $v0                                      0x080084e0   Number         0  dsqrt_umaal.o(x$fpl$dsqrt)
    x$fpl$dsub                               0x08008678   Section      468  daddsub_clz.o(x$fpl$dsub)
    $v0                                      0x08008678   Number         0  daddsub_clz.o(x$fpl$dsub)
    _dsub1                                   0x08008689   Thumb Code     0  daddsub_clz.o(x$fpl$dsub)
    x$fpl$f2d                                0x0800884c   Section       86  f2d.o(x$fpl$f2d)
    $v0                                      0x0800884c   Number         0  f2d.o(x$fpl$f2d)
    x$fpl$fnaninf                            0x080088a2   Section      140  fnaninf.o(x$fpl$fnaninf)
    $v0                                      0x080088a2   Number         0  fnaninf.o(x$fpl$fnaninf)
    x$fpl$fpinit                             0x0800892e   Section       10  fpinit.o(x$fpl$fpinit)
    $v0                                      0x0800892e   Number         0  fpinit.o(x$fpl$fpinit)
    x$fpl$fretinf                            0x08008938   Section       10  fretinf.o(x$fpl$fretinf)
    $v0                                      0x08008938   Number         0  fretinf.o(x$fpl$fretinf)
    x$fpl$retnan                             0x08008942   Section      100  retnan.o(x$fpl$retnan)
    $v0                                      0x08008942   Number         0  retnan.o(x$fpl$retnan)
    x$fpl$scalbn                             0x080089a6   Section       92  scalbn.o(x$fpl$scalbn)
    $v0                                      0x080089a6   Number         0  scalbn.o(x$fpl$scalbn)
    x$fpl$trapveneer                         0x08008a02   Section       48  trapv.o(x$fpl$trapveneer)
    $v0                                      0x08008a02   Number         0  trapv.o(x$fpl$trapveneer)
    .constdata                               0x08008a32   Section       61  retarget.o(.constdata)
    x$fpl$usenofp                            0x08008a32   Section        0  usenofp.o(x$fpl$usenofp)
    __tagsym$$used                           0x08008a32   Number         0  retarget.o(.constdata)
    date_time_commit                         0x08008a32   Data          61  retarget.o(.constdata)
    .constdata                               0x08008a70   Section       80  asin.o(.constdata)
    pS                                       0x08008a70   Data          48  asin.o(.constdata)
    qS                                       0x08008aa0   Data          32  asin.o(.constdata)
    .constdata                               0x08008ac0   Section      136  pow.o(.constdata)
    bp                                       0x08008ac0   Data          16  pow.o(.constdata)
    dp_h                                     0x08008ad0   Data          16  pow.o(.constdata)
    dp_l                                     0x08008ae0   Data          16  pow.o(.constdata)
    L                                        0x08008af0   Data          48  pow.o(.constdata)
    P                                        0x08008b20   Data          40  pow.o(.constdata)
    .constdata                               0x08008b48   Section      152  atan.o(.constdata)
    atanhi                                   0x08008b48   Data          32  atan.o(.constdata)
    atanlo                                   0x08008b68   Data          32  atan.o(.constdata)
    aTodd                                    0x08008b88   Data          40  atan.o(.constdata)
    aTeven                                   0x08008bb0   Data          48  atan.o(.constdata)
    .constdata                               0x08008be0   Section       48  cos_i.o(.constdata)
    C                                        0x08008be0   Data          48  cos_i.o(.constdata)
    .constdata                               0x08008c10   Section        8  qnan.o(.constdata)
    .constdata                               0x08008c18   Section      200  rred.o(.constdata)
    pio2s                                    0x08008c18   Data          48  rred.o(.constdata)
    twooverpi                                0x08008c48   Data         152  rred.o(.constdata)
    .constdata                               0x08008ce0   Section       40  sin_i.o(.constdata)
    S                                        0x08008ce0   Data          40  sin_i.o(.constdata)
    .init_array                              0x08008d28   Section        4  main.o(.init_array)
    .init_array                              0x08008d2c   Section        0  init_aeabi.o(.init_array)
    .data                                    0x20000000   Section       77  main.o(.data)
    .data                                    0x20000050   Section        4  system_stm32f4xx.o(.data)
    .data                                    0x20000054   Section       16  stm32f4xx_rcc.o(.data)
    APBAHBPrescTable                         0x20000054   Data          16  stm32f4xx_rcc.o(.data)
    .data                                    0x20000064   Section        4  time_service.o(.data)
    .data                                    0x20000068   Section       26  uart2.o(.data)
    .data                                    0x20000082   Section       10  usart3.o(.data)
    .data                                    0x2000008c   Section       10  usart6.o(.data)
    .data                                    0x20000098   Section       42  spi_1.o(.data)
    .data                                    0x200000c4   Section       42  spi_2.o(.data)
    .data                                    0x200000f0   Section       40  spi_3.o(.data)
    .data                                    0x20000118   Section        7  spi_dot.o(.data)
    .bss                                     0x20000120   Section     2160  main.o(.bss)
    .bss                                     0x20000990   Section       32  usart3.o(.bss)
    .bss                                     0x200009b0   Section       32  usart6.o(.bss)
    .bss                                     0x200009d0   Section       32  spi_1.o(.bss)
    .bss                                     0x200009f0   Section       32  spi_2.o(.bss)
    .bss                                     0x20000a10   Section       16  spi_3.o(.bss)
    .bss                                     0x20000a20   Section       96  libspace.o(.bss)
    HEAP                                     0x20000a80   Section     3840  startup_stm32f407xx.o(HEAP)
    Heap_Mem                                 0x20000a80   Data        3840  startup_stm32f407xx.o(HEAP)
    STACK                                    0x20001980   Section     4080  startup_stm32f407xx.o(STACK)
    Stack_Mem                                0x20001980   Data        4080  startup_stm32f407xx.o(STACK)
    __initial_sp                             0x20002970   Data           0  startup_stm32f407xx.o(STACK)

    Global Symbols

    Symbol Name                              Value     Ov Type        Size  Object(Section)

    BuildAttributes$$THM_ISAv4$E$P$D$K$B$S$7EM$VFPi3$EXTD16$VFPS$VFMA$PE$A:L22UL41UL21$X:L11$S22US41US21$IEEE1$IW$USESV6$~STKCKD$USESV7$~SHL$OTIME$ROPI$IEEEX$EBA8$UX$STANDARDLIB$REQ8$PRES8$EABIv2 0x00000000   Number         0  anon$$obj.o ABSOLUTE
    __ARM_use_no_argv                        0x00000000   Number         0  main.o ABSOLUTE
    __ARM_exceptions_init                     - Undefined Weak Reference
    __alloca_initialize                       - Undefined Weak Reference
    __arm_fini_                               - Undefined Weak Reference
    __arm_preinit_                            - Undefined Weak Reference
    __cxa_finalize                            - Undefined Weak Reference
    __rt_locale                               - Undefined Weak Reference
    __sigvec_lookup                           - Undefined Weak Reference
    _atexit_init                              - Undefined Weak Reference
    _call_atexit_fns                          - Undefined Weak Reference
    _clock_init                               - Undefined Weak Reference
    _fp_trap_init                             - Undefined Weak Reference
    _fp_trap_shutdown                         - Undefined Weak Reference
    _get_lc_collate                           - Undefined Weak Reference
    _get_lc_ctype                             - Undefined Weak Reference
    _get_lc_monetary                          - Undefined Weak Reference
    _get_lc_numeric                           - Undefined Weak Reference
    _get_lc_time                              - Undefined Weak Reference
    _getenv_init                              - Undefined Weak Reference
    _handle_redirection                       - Undefined Weak Reference
    _init_alloc                               - Undefined Weak Reference
    _init_user_alloc                          - Undefined Weak Reference
    _initio                                   - Undefined Weak Reference
    _rand_init                                - Undefined Weak Reference
    _signal_finish                            - Undefined Weak Reference
    _signal_init                              - Undefined Weak Reference
    _terminate_alloc                          - Undefined Weak Reference
    _terminate_user_alloc                     - Undefined Weak Reference
    _terminateio                              - Undefined Weak Reference
    __Vectors_Size                           0x00000188   Number         0  startup_stm32f407xx.o ABSOLUTE
    __Vectors                                0x08000000   Data           4  startup_stm32f407xx.o(RESET)
    __Vectors_End                            0x08000188   Data           0  startup_stm32f407xx.o(RESET)
    __main                                   0x08000189   Thumb Code     8  __main.o(!!!main)
    __scatterload                            0x08000191   Thumb Code     0  __scatter.o(!!!scatter)
    __scatterload_rt2                        0x08000191   Thumb Code    44  __scatter.o(!!!scatter)
    __scatterload_rt2_thumb_only             0x08000191   Thumb Code     0  __scatter.o(!!!scatter)
    __scatterload_null                       0x0800019f   Thumb Code     0  __scatter.o(!!!scatter)
    __scatterload_copy                       0x080001c5   Thumb Code    26  __scatter_copy.o(!!handler_copy)
    __scatterload_zeroinit                   0x080001e1   Thumb Code    28  __scatter_zi.o(!!handler_zi)
    __rt_lib_init                            0x080001fd   Thumb Code     0  libinit.o(.ARM.Collect$$libinit$$00000000)
    __rt_lib_init_fp_1                       0x080001ff   Thumb Code     0  libinit2.o(.ARM.Collect$$libinit$$00000001)
    __rt_lib_init_alloca_1                   0x08000203   Thumb Code     0  libinit2.o(.ARM.Collect$$libinit$$0000002E)
    __rt_lib_init_argv_1                     0x08000203   Thumb Code     0  libinit2.o(.ARM.Collect$$libinit$$0000002C)
    __rt_lib_init_atexit_1                   0x08000203   Thumb Code     0  libinit2.o(.ARM.Collect$$libinit$$0000001B)
    __rt_lib_init_clock_1                    0x08000203   Thumb Code     0  libinit2.o(.ARM.Collect$$libinit$$00000021)
    __rt_lib_init_cpp_2                      0x08000203   Thumb Code     0  libinit2.o(.ARM.Collect$$libinit$$00000031)
    __rt_lib_init_exceptions_1               0x08000203   Thumb Code     0  libinit2.o(.ARM.Collect$$libinit$$00000030)
    __rt_lib_init_fp_trap_1                  0x08000203   Thumb Code     0  libinit2.o(.ARM.Collect$$libinit$$0000001F)
    __rt_lib_init_getenv_1                   0x08000203   Thumb Code     0  libinit2.o(.ARM.Collect$$libinit$$00000023)
    __rt_lib_init_heap_1                     0x08000203   Thumb Code     0  libinit2.o(.ARM.Collect$$libinit$$0000000A)
    __rt_lib_init_lc_collate_1               0x08000203   Thumb Code     0  libinit2.o(.ARM.Collect$$libinit$$00000011)
    __rt_lib_init_lc_ctype_1                 0x08000203   Thumb Code     0  libinit2.o(.ARM.Collect$$libinit$$00000013)
    __rt_lib_init_lc_monetary_1              0x08000203   Thumb Code     0  libinit2.o(.ARM.Collect$$libinit$$00000015)
    __rt_lib_init_lc_numeric_1               0x08000203   Thumb Code     0  libinit2.o(.ARM.Collect$$libinit$$00000017)
    __rt_lib_init_lc_time_1                  0x08000203   Thumb Code     0  libinit2.o(.ARM.Collect$$libinit$$00000019)
    __rt_lib_init_preinit_1                  0x08000203   Thumb Code     0  libinit2.o(.ARM.Collect$$libinit$$00000004)
    __rt_lib_init_rand_1                     0x08000203   Thumb Code     0  libinit2.o(.ARM.Collect$$libinit$$0000000E)
    __rt_lib_init_signal_1                   0x08000203   Thumb Code     0  libinit2.o(.ARM.Collect$$libinit$$0000001D)
    __rt_lib_init_stdio_1                    0x08000203   Thumb Code     0  libinit2.o(.ARM.Collect$$libinit$$00000025)
    __rt_lib_init_user_alloc_1               0x08000203   Thumb Code     0  libinit2.o(.ARM.Collect$$libinit$$0000000C)
    __rt_lib_init_cpp_1                      0x08000207   Thumb Code     0  libinit2.o(.ARM.Collect$$libinit$$00000032)
    __rt_lib_init_return                     0x08000207   Thumb Code     0  libinit2.o(.ARM.Collect$$libinit$$00000033)
    __rt_lib_shutdown                        0x08000209   Thumb Code     0  libshutdown.o(.ARM.Collect$$libshutdown$$00000000)
    __rt_lib_shutdown_cpp_1                  0x0800020b   Thumb Code     0  libshutdown2.o(.ARM.Collect$$libshutdown$$00000004)
    __rt_lib_shutdown_fini_1                 0x0800020b   Thumb Code     0  libshutdown2.o(.ARM.Collect$$libshutdown$$00000002)
    __rt_lib_shutdown_fp_trap_1              0x0800020b   Thumb Code     0  libshutdown2.o(.ARM.Collect$$libshutdown$$00000009)
    __rt_lib_shutdown_heap_1                 0x0800020b   Thumb Code     0  libshutdown2.o(.ARM.Collect$$libshutdown$$00000011)
    __rt_lib_shutdown_return                 0x0800020b   Thumb Code     0  libshutdown2.o(.ARM.Collect$$libshutdown$$00000012)
    __rt_lib_shutdown_signal_1               0x0800020b   Thumb Code     0  libshutdown2.o(.ARM.Collect$$libshutdown$$0000000C)
    __rt_lib_shutdown_stdio_1                0x0800020b   Thumb Code     0  libshutdown2.o(.ARM.Collect$$libshutdown$$00000006)
    __rt_lib_shutdown_user_alloc_1           0x0800020b   Thumb Code     0  libshutdown2.o(.ARM.Collect$$libshutdown$$0000000E)
    __rt_entry                               0x0800020d   Thumb Code     0  __rtentry.o(.ARM.Collect$$rtentry$$00000000)
    __rt_entry_presh_1                       0x0800020d   Thumb Code     0  __rtentry2.o(.ARM.Collect$$rtentry$$00000002)
    __rt_entry_sh                            0x0800020d   Thumb Code     0  __rtentry4.o(.ARM.Collect$$rtentry$$00000004)
    __rt_entry_li                            0x08000213   Thumb Code     0  __rtentry2.o(.ARM.Collect$$rtentry$$0000000A)
    __rt_entry_postsh_1                      0x08000213   Thumb Code     0  __rtentry2.o(.ARM.Collect$$rtentry$$00000009)
    __rt_entry_main                          0x08000217   Thumb Code     0  __rtentry2.o(.ARM.Collect$$rtentry$$0000000D)
    __rt_entry_postli_1                      0x08000217   Thumb Code     0  __rtentry2.o(.ARM.Collect$$rtentry$$0000000C)
    __rt_exit                                0x0800021f   Thumb Code     0  rtexit.o(.ARM.Collect$$rtexit$$00000000)
    __rt_exit_ls                             0x08000221   Thumb Code     0  rtexit2.o(.ARM.Collect$$rtexit$$00000003)
    __rt_exit_prels_1                        0x08000221   Thumb Code     0  rtexit2.o(.ARM.Collect$$rtexit$$00000002)
    __rt_exit_exit                           0x08000225   Thumb Code     0  rtexit2.o(.ARM.Collect$$rtexit$$00000004)
    Reset_Handler                            0x0800022d   Thumb Code     8  startup_stm32f407xx.o(.text)
    NMI_Handler                              0x08000235   Thumb Code     2  startup_stm32f407xx.o(.text)
    HardFault_Handler                        0x08000237   Thumb Code     2  startup_stm32f407xx.o(.text)
    MemManage_Handler                        0x08000239   Thumb Code     2  startup_stm32f407xx.o(.text)
    BusFault_Handler                         0x0800023b   Thumb Code     2  startup_stm32f407xx.o(.text)
    UsageFault_Handler                       0x0800023d   Thumb Code     2  startup_stm32f407xx.o(.text)
    SVC_Handler                              0x0800023f   Thumb Code     2  startup_stm32f407xx.o(.text)
    DebugMon_Handler                         0x08000241   Thumb Code     2  startup_stm32f407xx.o(.text)
    PendSV_Handler                           0x08000243   Thumb Code     2  startup_stm32f407xx.o(.text)
    ADC_IRQHandler                           0x08000247   Thumb Code     0  startup_stm32f407xx.o(.text)
    CAN1_RX0_IRQHandler                      0x08000247   Thumb Code     0  startup_stm32f407xx.o(.text)
    CAN1_RX1_IRQHandler                      0x08000247   Thumb Code     0  startup_stm32f407xx.o(.text)
    CAN1_SCE_IRQHandler                      0x08000247   Thumb Code     0  startup_stm32f407xx.o(.text)
    CAN1_TX_IRQHandler                       0x08000247   Thumb Code     0  startup_stm32f407xx.o(.text)
    CAN2_RX0_IRQHandler                      0x08000247   Thumb Code     0  startup_stm32f407xx.o(.text)
    CAN2_RX1_IRQHandler                      0x08000247   Thumb Code     0  startup_stm32f407xx.o(.text)
    CAN2_SCE_IRQHandler                      0x08000247   Thumb Code     0  startup_stm32f407xx.o(.text)
    CAN2_TX_IRQHandler                       0x08000247   Thumb Code     0  startup_stm32f407xx.o(.text)
    DCMI_IRQHandler                          0x08000247   Thumb Code     0  startup_stm32f407xx.o(.text)
    DMA1_Stream0_IRQHandler                  0x08000247   Thumb Code     0  startup_stm32f407xx.o(.text)
    DMA1_Stream1_IRQHandler                  0x08000247   Thumb Code     0  startup_stm32f407xx.o(.text)
    DMA1_Stream2_IRQHandler                  0x08000247   Thumb Code     0  startup_stm32f407xx.o(.text)
    DMA1_Stream3_IRQHandler                  0x08000247   Thumb Code     0  startup_stm32f407xx.o(.text)
    DMA1_Stream4_IRQHandler                  0x08000247   Thumb Code     0  startup_stm32f407xx.o(.text)
    DMA1_Stream5_IRQHandler                  0x08000247   Thumb Code     0  startup_stm32f407xx.o(.text)
    DMA1_Stream6_IRQHandler                  0x08000247   Thumb Code     0  startup_stm32f407xx.o(.text)
    DMA1_Stream7_IRQHandler                  0x08000247   Thumb Code     0  startup_stm32f407xx.o(.text)
    DMA2_Stream0_IRQHandler                  0x08000247   Thumb Code     0  startup_stm32f407xx.o(.text)
    DMA2_Stream1_IRQHandler                  0x08000247   Thumb Code     0  startup_stm32f407xx.o(.text)
    DMA2_Stream2_IRQHandler                  0x08000247   Thumb Code     0  startup_stm32f407xx.o(.text)
    DMA2_Stream3_IRQHandler                  0x08000247   Thumb Code     0  startup_stm32f407xx.o(.text)
    DMA2_Stream4_IRQHandler                  0x08000247   Thumb Code     0  startup_stm32f407xx.o(.text)
    DMA2_Stream5_IRQHandler                  0x08000247   Thumb Code     0  startup_stm32f407xx.o(.text)
    DMA2_Stream6_IRQHandler                  0x08000247   Thumb Code     0  startup_stm32f407xx.o(.text)
    DMA2_Stream7_IRQHandler                  0x08000247   Thumb Code     0  startup_stm32f407xx.o(.text)
    ETH_IRQHandler                           0x08000247   Thumb Code     0  startup_stm32f407xx.o(.text)
    ETH_WKUP_IRQHandler                      0x08000247   Thumb Code     0  startup_stm32f407xx.o(.text)
    EXTI0_IRQHandler                         0x08000247   Thumb Code     0  startup_stm32f407xx.o(.text)
    EXTI15_10_IRQHandler                     0x08000247   Thumb Code     0  startup_stm32f407xx.o(.text)
    EXTI1_IRQHandler                         0x08000247   Thumb Code     0  startup_stm32f407xx.o(.text)
    EXTI2_IRQHandler                         0x08000247   Thumb Code     0  startup_stm32f407xx.o(.text)
    EXTI3_IRQHandler                         0x08000247   Thumb Code     0  startup_stm32f407xx.o(.text)
    EXTI4_IRQHandler                         0x08000247   Thumb Code     0  startup_stm32f407xx.o(.text)
    EXTI9_5_IRQHandler                       0x08000247   Thumb Code     0  startup_stm32f407xx.o(.text)
    FLASH_IRQHandler                         0x08000247   Thumb Code     0  startup_stm32f407xx.o(.text)
    FMC_IRQHandler                           0x08000247   Thumb Code     0  startup_stm32f407xx.o(.text)
    FPU_IRQHandler                           0x08000247   Thumb Code     0  startup_stm32f407xx.o(.text)
    HASH_RNG_IRQHandler                      0x08000247   Thumb Code     0  startup_stm32f407xx.o(.text)
    I2C1_ER_IRQHandler                       0x08000247   Thumb Code     0  startup_stm32f407xx.o(.text)
    I2C1_EV_IRQHandler                       0x08000247   Thumb Code     0  startup_stm32f407xx.o(.text)
    I2C2_ER_IRQHandler                       0x08000247   Thumb Code     0  startup_stm32f407xx.o(.text)
    I2C2_EV_IRQHandler                       0x08000247   Thumb Code     0  startup_stm32f407xx.o(.text)
    I2C3_ER_IRQHandler                       0x08000247   Thumb Code     0  startup_stm32f407xx.o(.text)
    I2C3_EV_IRQHandler                       0x08000247   Thumb Code     0  startup_stm32f407xx.o(.text)
    OTG_FS_IRQHandler                        0x08000247   Thumb Code     0  startup_stm32f407xx.o(.text)
    OTG_FS_WKUP_IRQHandler                   0x08000247   Thumb Code     0  startup_stm32f407xx.o(.text)
    OTG_HS_EP1_IN_IRQHandler                 0x08000247   Thumb Code     0  startup_stm32f407xx.o(.text)
    OTG_HS_EP1_OUT_IRQHandler                0x08000247   Thumb Code     0  startup_stm32f407xx.o(.text)
    OTG_HS_IRQHandler                        0x08000247   Thumb Code     0  startup_stm32f407xx.o(.text)
    OTG_HS_WKUP_IRQHandler                   0x08000247   Thumb Code     0  startup_stm32f407xx.o(.text)
    PVD_IRQHandler                           0x08000247   Thumb Code     0  startup_stm32f407xx.o(.text)
    RCC_IRQHandler                           0x08000247   Thumb Code     0  startup_stm32f407xx.o(.text)
    RTC_Alarm_IRQHandler                     0x08000247   Thumb Code     0  startup_stm32f407xx.o(.text)
    RTC_WKUP_IRQHandler                      0x08000247   Thumb Code     0  startup_stm32f407xx.o(.text)
    SDIO_IRQHandler                          0x08000247   Thumb Code     0  startup_stm32f407xx.o(.text)
    TAMP_STAMP_IRQHandler                    0x08000247   Thumb Code     0  startup_stm32f407xx.o(.text)
    TIM1_BRK_TIM9_IRQHandler                 0x08000247   Thumb Code     0  startup_stm32f407xx.o(.text)
    TIM1_CC_IRQHandler                       0x08000247   Thumb Code     0  startup_stm32f407xx.o(.text)
    TIM1_TRG_COM_TIM11_IRQHandler            0x08000247   Thumb Code     0  startup_stm32f407xx.o(.text)
    TIM1_UP_TIM10_IRQHandler                 0x08000247   Thumb Code     0  startup_stm32f407xx.o(.text)
    TIM2_IRQHandler                          0x08000247   Thumb Code     0  startup_stm32f407xx.o(.text)
    TIM3_IRQHandler                          0x08000247   Thumb Code     0  startup_stm32f407xx.o(.text)
    TIM4_IRQHandler                          0x08000247   Thumb Code     0  startup_stm32f407xx.o(.text)
    TIM5_IRQHandler                          0x08000247   Thumb Code     0  startup_stm32f407xx.o(.text)
    TIM6_DAC_IRQHandler                      0x08000247   Thumb Code     0  startup_stm32f407xx.o(.text)
    TIM7_IRQHandler                          0x08000247   Thumb Code     0  startup_stm32f407xx.o(.text)
    TIM8_BRK_TIM12_IRQHandler                0x08000247   Thumb Code     0  startup_stm32f407xx.o(.text)
    TIM8_CC_IRQHandler                       0x08000247   Thumb Code     0  startup_stm32f407xx.o(.text)
    TIM8_TRG_COM_TIM14_IRQHandler            0x08000247   Thumb Code     0  startup_stm32f407xx.o(.text)
    TIM8_UP_TIM13_IRQHandler                 0x08000247   Thumb Code     0  startup_stm32f407xx.o(.text)
    UART4_IRQHandler                         0x08000247   Thumb Code     0  startup_stm32f407xx.o(.text)
    UART5_IRQHandler                         0x08000247   Thumb Code     0  startup_stm32f407xx.o(.text)
    USART1_IRQHandler                        0x08000247   Thumb Code     0  startup_stm32f407xx.o(.text)
    WWDG_IRQHandler                          0x08000247   Thumb Code     0  startup_stm32f407xx.o(.text)
    __user_initial_stackheap                 0x08000249   Thumb Code     0  startup_stm32f407xx.o(.text)
    __semihosting$guard                      0x0800026d   Thumb Code     0  use_no_semi.o(.text)
    __use_no_semihosting_swi                 0x0800026d   Thumb Code     2  use_no_semi.o(.text)
    __aeabi_memcpy4                          0x0800026f   Thumb Code     0  rt_memcpy_w.o(.text)
    __aeabi_memcpy8                          0x0800026f   Thumb Code     0  rt_memcpy_w.o(.text)
    __rt_memcpy_w                            0x0800026f   Thumb Code   100  rt_memcpy_w.o(.text)
    _memcpy_lastbytes_aligned                0x080002b7   Thumb Code     0  rt_memcpy_w.o(.text)
    __use_two_region_memory                  0x080002d3   Thumb Code     2  heapauxi.o(.text)
    __rt_heap_escrow$2region                 0x080002d5   Thumb Code     2  heapauxi.o(.text)
    __rt_heap_expand$2region                 0x080002d7   Thumb Code     2  heapauxi.o(.text)
    __cpp_initialize__aeabi_                 0x080002d9   Thumb Code    26  init_aeabi.o(.text)
    __read_errno                             0x080002fd   Thumb Code    10  _rserrno.o(.text)
    __set_errno                              0x08000307   Thumb Code    12  _rserrno.o(.text)
    __aeabi_errno_addr                       0x08000315   Thumb Code     8  rt_errno_addr_intlibspace.o(.text)
    __errno$intlibspace                      0x08000315   Thumb Code     0  rt_errno_addr_intlibspace.o(.text)
    __rt_errno_addr$intlibspace              0x08000315   Thumb Code     0  rt_errno_addr_intlibspace.o(.text)
    __user_libspace                          0x0800031d   Thumb Code     8  libspace.o(.text)
    __user_perproc_libspace                  0x0800031d   Thumb Code     0  libspace.o(.text)
    __user_perthread_libspace                0x0800031d   Thumb Code     0  libspace.o(.text)
    __user_setup_stackheap                   0x08000325   Thumb Code    74  sys_stackheap_outer.o(.text)
    exit                                     0x0800036f   Thumb Code    18  exit.o(.text)
    GPIO_Init                                0x08000381   Thumb Code   352  stm32f4xx_gpio.o(i.GPIO_Init)
    GPIO_PinAFConfig                         0x0800052d   Thumb Code   352  stm32f4xx_gpio.o(i.GPIO_PinAFConfig)
    GPIO_ResetBits                           0x080006d9   Thumb Code   104  stm32f4xx_gpio.o(i.GPIO_ResetBits)
    GPIO_SetBits                             0x0800078d   Thumb Code   104  stm32f4xx_gpio.o(i.GPIO_SetBits)
    RCC_AHB1PeriphClockCmd                   0x08000841   Thumb Code    70  stm32f4xx_rcc.o(i.RCC_AHB1PeriphClockCmd)
    RCC_APB1PeriphClockCmd                   0x080008b1   Thumb Code    70  stm32f4xx_rcc.o(i.RCC_APB1PeriphClockCmd)
    RCC_APB2PeriphClockCmd                   0x0800091d   Thumb Code    70  stm32f4xx_rcc.o(i.RCC_APB2PeriphClockCmd)
    RCC_GetClocksFreq                        0x0800098d   Thumb Code   214  stm32f4xx_rcc.o(i.RCC_GetClocksFreq)
    SPI1_IRQHandler                          0x08000a75   Thumb Code    92  spi_1.o(i.SPI1_IRQHandler)
    SPI2_IRQHandler                          0x08000ae1   Thumb Code    90  spi_2.o(i.SPI2_IRQHandler)
    SPI3_IRQHandler                          0x08000b4d   Thumb Code    98  spi_3.o(i.SPI3_IRQHandler)
    SPI_I2S_GetFlagStatus                    0x08000bc1   Thumb Code   134  stm32f4xx_spi.o(i.SPI_I2S_GetFlagStatus)
    SysTick_Handler                          0x08000d95   Thumb Code    12  time_service.o(i.SysTick_Handler)
    SystemInit                               0x08000da5   Thumb Code    88  system_stm32f4xx.o(i.SystemInit)
    TIM_BDTRConfig                           0x08000e0d   Thumb Code   222  stm32f4xx_tim.o(i.TIM_BDTRConfig)
    TIM_Cmd                                  0x08000f15   Thumb Code   144  stm32f4xx_tim.o(i.TIM_Cmd)
    TIM_CtrlPWMOutputs                       0x08000ff9   Thumb Code    78  stm32f4xx_tim.o(i.TIM_CtrlPWMOutputs)
    TIM_OC1Init                              0x08001071   Thumb Code   400  stm32f4xx_tim.o(i.TIM_OC1Init)
    TIM_OC2Init                              0x0800124d   Thumb Code   416  stm32f4xx_tim.o(i.TIM_OC2Init)
    TIM_OC3Init                              0x08001429   Thumb Code   400  stm32f4xx_tim.o(i.TIM_OC3Init)
    TIM_OC4Init                              0x080015ed   Thumb Code   290  stm32f4xx_tim.o(i.TIM_OC4Init)
    TIM_SetCompare1                          0x08001745   Thumb Code    94  stm32f4xx_tim.o(i.TIM_SetCompare1)
    TIM_SetCompare2                          0x080017f1   Thumb Code    70  stm32f4xx_tim.o(i.TIM_SetCompare2)
    TIM_SetCompare3                          0x08001875   Thumb Code    58  stm32f4xx_tim.o(i.TIM_SetCompare3)
    TIM_SetCompare4                          0x080018e5   Thumb Code    58  stm32f4xx_tim.o(i.TIM_SetCompare4)
    TIM_TimeBaseInit                         0x08001955   Thumb Code   278  stm32f4xx_tim.o(i.TIM_TimeBaseInit)
    USART2_IRQHandler                        0x08001ac1   Thumb Code   148  uart2.o(i.USART2_IRQHandler)
    USART3_IRQHandler                        0x08001b71   Thumb Code   148  usart3.o(i.USART3_IRQHandler)
    USART6_IRQHandler                        0x08001c21   Thumb Code   148  usart6.o(i.USART6_IRQHandler)
    USART_ClearITPendingBit                  0x08001cd1   Thumb Code   188  stm32f4xx_usart.o(i.USART_ClearITPendingBit)
    USART_Cmd                                0x08001dd5   Thumb Code   120  stm32f4xx_usart.o(i.USART_Cmd)
    USART_ITConfig                           0x08001e95   Thumb Code   284  stm32f4xx_usart.o(i.USART_ITConfig)
    USART_Init                               0x08001ff9   Thumb Code   492  stm32f4xx_usart.o(i.USART_Init)
    lead_to_degree_borders(int)              0x08002231   Thumb Code    34  tools.o(i._Z22lead_to_degree_bordersi)
    initSPI2(bool, unsigned char, unsigned short) 0x08002255   Thumb Code   264  spi_dot.o(i._Z8initSPI2bht)
    writeSPI(unsigned short)                 0x08002371   Thumb Code    34  spi_dot.o(i._Z8writeSPIt)
    mpu9250_spi::readFIFOsize()              0x08002399   Thumb Code    46  mpu9250_spi.o(i._ZN11mpu9250_spi12readFIFOsizeEv)
    mpu9250_spi::setAccOffset(int, int, int) 0x080023c7   Thumb Code    88  mpu9250_spi.o(i._ZN11mpu9250_spi12setAccOffsetEiii)
    mpu9250_spi::updateAngles(double, bool)  0x08002421   Thumb Code  1002  mpu9250_spi.o(i._ZN11mpu9250_spi12updateAnglesEdb)
    mpu9250_spi::setGyroOffset(int, int, int) 0x0800283d   Thumb Code    82  mpu9250_spi.o(i._ZN11mpu9250_spi13setGyroOffsetEiii)
    mpu9250_spi::updateAnglesFromFIFO()      0x08002891   Thumb Code    40  mpu9250_spi.o(i._ZN11mpu9250_spi20updateAnglesFromFIFOEv)
    mpu9250_spi::MadgwickAHRSupdateIMU(double) 0x080028c1   Thumb Code  4434  mpu9250_spi.o(i._ZN11mpu9250_spi21MadgwickAHRSupdateIMUEd)
    mpu9250_spi::convert(unsigned short, unsigned char) 0x08003a13   Thumb Code    32  mpu9250_spi.o(i._ZN11mpu9250_spi7convertEth)
    mpu9250_spi::initIMU()                   0x08003a35   Thumb Code   478  mpu9250_spi.o(i._ZN11mpu9250_spi7initIMUEv)
    mpu9250_spi::invSqrt(float)              0x08003c39   Thumb Code    58  mpu9250_spi.o(i._ZN11mpu9250_spi7invSqrtEf)
    mpu9250_spi::readAcc()                   0x08003c79   Thumb Code   258  mpu9250_spi.o(i._ZN11mpu9250_spi7readAccEv)
    mpu9250_spi::readReg(int, int*, int)     0x08003d7b   Thumb Code    72  mpu9250_spi.o(i._ZN11mpu9250_spi7readRegEiPii)
    mpu9250_spi::readGyro()                  0x08003dc3   Thumb Code   258  mpu9250_spi.o(i._ZN11mpu9250_spi8readGyroEv)
    mpu9250_spi::writeReg(int, unsigned char) 0x08003ec5   Thumb Code    38  mpu9250_spi.o(i._ZN11mpu9250_spi8writeRegEih)
    mpu9250_spi::mpu9250_spi(pin&)           0x08003eeb   Thumb Code    22  mpu9250_spi.o(i._ZN11mpu9250_spiC1ER3pin)
    mpu9250_spi::mpu9250_spi__sub_object(pin&) 0x08003eeb   Thumb Code     0  mpu9250_spi.o(i._ZN11mpu9250_spiC1ER3pin)
    time_service::getCurTime()               0x08003f01   Thumb Code     6  time_service.o(i._ZN12time_service10getCurTimeEv)
    time_service::init()                     0x08003f0d   Thumb Code    90  time_service.o(i._ZN12time_service4initEv)
    time_service::delay_ms(unsigned)         0x08003f75   Thumb Code    24  time_service.o(i._ZN12time_service8delay_msEj)
    time_service::startTime()                0x08003f8d   Thumb Code    18  time_service.o(i._ZN12time_service9startTimeEv)
    IMU::setZeroAngle()                      0x08003f9f   Thumb Code    20  main.o(i._ZN3IMU12setZeroAngleEv)
    IMU::updateAnglesFromFIFO()              0x08003fb3   Thumb Code    14  main.o(i._ZN3IMU20updateAnglesFromFIFOEv)
    IMU::init()                              0x08003fc1   Thumb Code    44  main.o(i._ZN3IMU4initEv)
    IMU::update()                            0x08003ff5   Thumb Code   174  main.o(i._ZN3IMU6updateEv)
    pin::pwm(unsigned)                       0x080040bd   Thumb Code    70  pin_setup.o(i._ZN3pin3pwmEj)
    pin::write(bool)                         0x08004103   Thumb Code    32  pin_setup.o(i._ZN3pin5writeEb)
    pin::setBit()                            0x08004123   Thumb Code    16  pin_setup.o(i._ZN3pin6setBitEv)
    pin::pinInit()                           0x08004135   Thumb Code   218  pin_setup.o(i._ZN3pin7pinInitEv)
    pin::pwmInit(unsigned, unsigned short, unsigned, unsigned, unsigned char, TIM_TypeDef*, bool) 0x08004235   Thumb Code   560  pin_setup.o(i._ZN3pin7pwmInitEjtjjhP11TIM_TypeDefb)
    pin::resetBit()                          0x08004499   Thumb Code    16  pin_setup.o(i._ZN3pin8resetBitEv)
    pin::pin(char, unsigned char, unsigned short) 0x080044a9   Thumb Code   966  pin_setup.o(i._ZN3pinC1Echt)
    pin::pin__sub_object(char, unsigned char, unsigned short) 0x080044a9   Thumb Code     0  pin_setup.o(i._ZN3pinC1Echt)
    Motor::motorMove(double)                 0x08004899   Thumb Code   394  motor.o(i._ZN5Motor9motorMoveEd)
    Motor::Motor(char, unsigned char, unsigned short, unsigned char, char, unsigned char, unsigned short, unsigned char) 0x08004a5d   Thumb Code   504  motor.o(i._ZN5MotorC1Echthchth)
    Motor::Motor__sub_object(char, unsigned char, unsigned short, unsigned char, char, unsigned char, unsigned short, unsigned char) 0x08004a5d   Thumb Code     0  motor.o(i._ZN5MotorC1Echthchth)
    Robot::init_robot(unsigned char)         0x08004c85   Thumb Code    62  main.o(i._ZN5Robot10init_robotEh)
    Robot::control_led(unsigned char, bool)  0x08004cc9   Thumb Code    82  main.o(i._ZN5Robot11control_ledEhb)
    Robot::rotateRobot(short, short)         0x08004d29   Thumb Code    38  main.o(i._ZN5Robot11rotateRobotEss)
    Robot::update()                          0x08004d59   Thumb Code   136  main.o(i._ZN5Robot6updateEv)
    Robot::moveRobot(short, unsigned char)   0x08004e01   Thumb Code    38  main.o(i._ZN5Robot9moveRobotEsh)
    camera::camera(pin&, pin&)               0x08004e31   Thumb Code   126  openmv.o(i._ZN6cameraC1ER3pinS1_)
    camera::camera__sub_object(pin&, pin&)   0x08004e31   Thumb Code     0  openmv.o(i._ZN6cameraC1ER3pinS1_)
    motors::_move_vector()                   0x08004eb1   Thumb Code   746  motors.o(i._ZN6motors12_move_vectorEv)
    motors::moveRobot(double, double, double, double, unsigned, unsigned) 0x080051a5   Thumb Code   876  motors.o(i._ZN6motors9moveRobotEddddjj)
    motors::motors(Motor&, Motor&, Motor&, Motor&, unsigned short, double) 0x08005531   Thumb Code    98  motors.o(i._ZN6motorsC1ER5MotorS1_S1_S1_td)
    motors::motors__sub_object(Motor&, Motor&, Motor&, Motor&, unsigned short, double) 0x08005531   Thumb Code     0  motors.o(i._ZN6motorsC1ER5MotorS1_S1_S1_td)
    usart2::usart2Init(unsigned, unsigned char, float) 0x08005595   Thumb Code   304  uart2.o(i._ZN6usart210usart2InitEjhf)
    usart6::usart6Init(unsigned, unsigned char, float) 0x080056f9   Thumb Code   308  usart6.o(i._ZN6usart610usart6InitEjhf)
    __ARM_fpclassify                         0x0800585d   Thumb Code    48  fpclassify.o(i.__ARM_fpclassify)
    __hardfp_asin                            0x08005891   Thumb Code   770  asin.o(i.__hardfp_asin)
    __hardfp_atan                            0x08005bf1   Thumb Code   622  atan.o(i.__hardfp_atan)
    __hardfp_atan2                           0x08005ec9   Thumb Code   448  atan2.o(i.__hardfp_atan2)
    __hardfp_cos                             0x080060c9   Thumb Code   180  cos.o(i.__hardfp_cos)
    __hardfp_pow                             0x08006191   Thumb Code  3072  pow.o(i.__hardfp_pow)
    __hardfp_sin                             0x08006de1   Thumb Code   180  sin.o(i.__hardfp_sin)
    __hardfp_sqrt                            0x08006ea9   Thumb Code   122  sqrt.o(i.__hardfp_sqrt)
    __ieee754_rem_pio2                       0x08006f29   Thumb Code   938  rred.o(i.__ieee754_rem_pio2)
    __kernel_cos                             0x08007361   Thumb Code   322  cos_i.o(i.__kernel_cos)
    __kernel_poly                            0x080074d1   Thumb Code   248  poly.o(i.__kernel_poly)
    __kernel_sin                             0x080075c9   Thumb Code   280  sin_i.o(i.__kernel_sin)
    __mathlib_dbl_divzero                    0x080076f9   Thumb Code    28  dunder.o(i.__mathlib_dbl_divzero)
    __mathlib_dbl_infnan                     0x08007729   Thumb Code    20  dunder.o(i.__mathlib_dbl_infnan)
    __mathlib_dbl_infnan2                    0x0800773d   Thumb Code    20  dunder.o(i.__mathlib_dbl_infnan2)
    __mathlib_dbl_invalid                    0x08007751   Thumb Code    24  dunder.o(i.__mathlib_dbl_invalid)
    __mathlib_dbl_overflow                   0x08007771   Thumb Code    24  dunder.o(i.__mathlib_dbl_overflow)
    __mathlib_dbl_underflow                  0x08007791   Thumb Code    24  dunder.o(i.__mathlib_dbl_underflow)
    _sys_exit                                0x08007a59   Thumb Code     4  retarget.o(i._sys_exit)
    assert_failed                            0x08007a5d   Thumb Code    10  retarget.o(i.assert_failed)
    atan                                     0x08007a67   Thumb Code    16  atan.o(i.atan)
    fabs                                     0x08007a77   Thumb Code    24  fabs.o(i.fabs)
    main                                     0x08007a8f   Thumb Code    32  main.o(i.main)
    sqrt                                     0x08007aaf   Thumb Code   110  sqrt.o(i.sqrt)
    __aeabi_dneg                             0x08007b1d   Thumb Code     0  basic.o(x$fpl$basic)
    _dneg                                    0x08007b1d   Thumb Code     6  basic.o(x$fpl$basic)
    __aeabi_fneg                             0x08007b23   Thumb Code     0  basic.o(x$fpl$basic)
    _fneg                                    0x08007b23   Thumb Code     6  basic.o(x$fpl$basic)
    _dabs                                    0x08007b29   Thumb Code     6  basic.o(x$fpl$basic)
    _fabs                                    0x08007b2f   Thumb Code     6  basic.o(x$fpl$basic)
    __aeabi_d2f                              0x08007b35   Thumb Code     0  d2f.o(x$fpl$d2f)
    _d2f                                     0x08007b35   Thumb Code    98  d2f.o(x$fpl$d2f)
    __aeabi_dadd                             0x08007b99   Thumb Code     0  daddsub_clz.o(x$fpl$dadd)
    _dadd                                    0x08007b99   Thumb Code   332  daddsub_clz.o(x$fpl$dadd)
    __fpl_dcheck_NaN1                        0x08007ce9   Thumb Code    10  dcheck1.o(x$fpl$dcheck1)
    __fpl_dcmp_Inf                           0x08007cf9   Thumb Code    24  dcmpi.o(x$fpl$dcmpinf)
    __aeabi_ddiv                             0x08007d11   Thumb Code     0  ddiv.o(x$fpl$ddiv)
    _ddiv                                    0x08007d11   Thumb Code   552  ddiv.o(x$fpl$ddiv)
    __aeabi_cdcmpeq                          0x08007fc1   Thumb Code     0  deqf.o(x$fpl$deqf)
    _dcmpeq                                  0x08007fc1   Thumb Code   120  deqf.o(x$fpl$deqf)
    __aeabi_d2iz                             0x08008039   Thumb Code     0  dfix.o(x$fpl$dfix)
    _dfix                                    0x08008039   Thumb Code    94  dfix.o(x$fpl$dfix)
    __aeabi_d2uiz                            0x08008099   Thumb Code     0  dfixu.o(x$fpl$dfixu)
    _dfixu                                   0x08008099   Thumb Code    90  dfixu.o(x$fpl$dfixu)
    __aeabi_i2d                              0x080080f3   Thumb Code     0  dflt_clz.o(x$fpl$dflt)
    _dflt                                    0x080080f3   Thumb Code    46  dflt_clz.o(x$fpl$dflt)
    __aeabi_l2d                              0x08008121   Thumb Code     0  dfltll_clz.o(x$fpl$dfltll)
    _ll_sto_d                                0x08008121   Thumb Code   162  dfltll_clz.o(x$fpl$dfltll)
    __aeabi_ui2d                             0x080081c3   Thumb Code     0  dflt_clz.o(x$fpl$dfltu)
    _dfltu                                   0x080081c3   Thumb Code    38  dflt_clz.o(x$fpl$dfltu)
    __aeabi_cdcmple                          0x080081e9   Thumb Code     0  dleqf.o(x$fpl$dleqf)
    _dcmple                                  0x080081e9   Thumb Code   120  dleqf.o(x$fpl$dleqf)
    __fpl_dcmple_InfNaN                      0x0800824b   Thumb Code     0  dleqf.o(x$fpl$dleqf)
    __aeabi_dmul                             0x08008261   Thumb Code     0  dmul.o(x$fpl$dmul)
    _dmul                                    0x08008261   Thumb Code   332  dmul.o(x$fpl$dmul)
    __fpl_dnaninf                            0x080083b5   Thumb Code   156  dnaninf.o(x$fpl$dnaninf)
    __fpl_dretinf                            0x08008451   Thumb Code    12  dretinf.o(x$fpl$dretinf)
    __aeabi_cdrcmple                         0x0800845d   Thumb Code     0  drleqf.o(x$fpl$drleqf)
    _drcmple                                 0x0800845d   Thumb Code   108  drleqf.o(x$fpl$drleqf)
    __aeabi_drsub                            0x080084c9   Thumb Code     0  daddsub_clz.o(x$fpl$drsb)
    _drsb                                    0x080084c9   Thumb Code    22  daddsub_clz.o(x$fpl$drsb)
    _dsqrt                                   0x080084e1   Thumb Code   404  dsqrt_umaal.o(x$fpl$dsqrt)
    __aeabi_dsub                             0x08008679   Thumb Code     0  daddsub_clz.o(x$fpl$dsub)
    _dsub                                    0x08008679   Thumb Code   464  daddsub_clz.o(x$fpl$dsub)
    __aeabi_f2d                              0x0800884d   Thumb Code     0  f2d.o(x$fpl$f2d)
    _f2d                                     0x0800884d   Thumb Code    86  f2d.o(x$fpl$f2d)
    __fpl_fnaninf                            0x080088a3   Thumb Code   140  fnaninf.o(x$fpl$fnaninf)
    _fp_init                                 0x0800892f   Thumb Code    10  fpinit.o(x$fpl$fpinit)
    __fplib_config_fpu_vfp                   0x08008937   Thumb Code     0  fpinit.o(x$fpl$fpinit)
    __fplib_config_pureend_doubles           0x08008937   Thumb Code     0  fpinit.o(x$fpl$fpinit)
    __fpl_fretinf                            0x08008939   Thumb Code    10  fretinf.o(x$fpl$fretinf)
    __fpl_return_NaN                         0x08008943   Thumb Code   100  retnan.o(x$fpl$retnan)
    __ARM_scalbn                             0x080089a7   Thumb Code    92  scalbn.o(x$fpl$scalbn)
    __fpl_cmpreturn                          0x08008a03   Thumb Code    48  trapv.o(x$fpl$trapveneer)
    __I$use$fp                               0x08008a32   Number         0  usenofp.o(x$fpl$usenofp)
    __mathlib_zero                           0x08008c10   Data           8  qnan.o(.constdata)
    Region$$Table$$Base                      0x08008d08   Number         0  anon$$obj.o(Region$$Table)
    Region$$Table$$Limit                     0x08008d28   Number         0  anon$$obj.o(Region$$Table)
    SHT$$INIT_ARRAY$$Base                    0x08008d28   Number         0  main.o(.init_array)
    SHT$$INIT_ARRAY$$Limit                   0x08008d2c   Number         0  init_aeabi.o(.init_array)
    _data                                    0x20000000   Data           8  main.o(.data)
    angK                                     0x20000008   Data           8  main.o(.data)
    distK                                    0x20000010   Data           8  main.o(.data)
    ang_result                               0x20000018   Data           4  main.o(.data)
    len_result                               0x2000001c   Data           4  main.o(.data)
    x1                                       0x20000020   Data           4  main.o(.data)
    x2                                       0x20000024   Data           4  main.o(.data)
    y1                                       0x20000028   Data           4  main.o(.data)
    y2                                       0x2000002c   Data           4  main.o(.data)
    _x_result                                0x20000030   Data           4  main.o(.data)
    _y_result                                0x20000034   Data           4  main.o(.data)
    x3                                       0x20000038   Data           4  main.o(.data)
    t                                        0x2000003c   Data           4  main.o(.data)
    Robot::time                              0x20000040   Data           4  main.o(.data)
    Robot::move_angle                        0x20000044   Data           2  main.o(.data)
    Robot::angular_speed                     0x20000046   Data           2  main.o(.data)
    Robot::max_angular_speed                 0x20000048   Data           2  main.o(.data)
    Robot::gyro                              0x2000004a   Data           2  main.o(.data)
    Robot::move_speed                        0x2000004c   Data           1  main.o(.data)
    SystemCoreClock                          0x20000050   Data           4  system_stm32f4xx.o(.data)
    time_service::systemTime                 0x20000064   Data           4  time_service.o(.data)
    usart2::tx                               0x20000068   Data           8  uart2.o(.data)
    usart2::rx                               0x20000070   Data           8  uart2.o(.data)
    usart2::_rxCnt                           0x20000078   Data           2  uart2.o(.data)
    usart2::_txCnt                           0x2000007a   Data           2  uart2.o(.data)
    usart2::flag                             0x2000007c   Data           1  uart2.o(.data)
    usart2::_readCnt                         0x2000007e   Data           2  uart2.o(.data)
    usart2::_sendCnt                         0x20000080   Data           2  uart2.o(.data)
    usart3::_rxCnt                           0x20000082   Data           2  usart3.o(.data)
    usart3::_txCnt                           0x20000084   Data           2  usart3.o(.data)
    usart3::flag                             0x20000086   Data           1  usart3.o(.data)
    usart3::_readCnt                         0x20000088   Data           2  usart3.o(.data)
    usart3::_sendCnt                         0x2000008a   Data           2  usart3.o(.data)
    usart6::_rxCnt                           0x2000008c   Data           2  usart6.o(.data)
    usart6::_txCnt                           0x2000008e   Data           2  usart6.o(.data)
    usart6::flag                             0x20000090   Data           1  usart6.o(.data)
    usart6::_readCnt                         0x20000092   Data           2  usart6.o(.data)
    usart6::_sendCnt                         0x20000094   Data           2  usart6.o(.data)
    Spi_1::_SPIx                             0x20000098   Data           4  spi_1.o(.data)
    Spi_1::_spi_mode                         0x2000009c   Data           4  spi_1.o(.data)
    Spi_1::_spi_work_mode                    0x200000a0   Data           4  spi_1.o(.data)
    Spi_1::_spi_num                          0x200000a4   Data           4  spi_1.o(.data)
    Spi_1::_spi_direction                    0x200000a8   Data           4  spi_1.o(.data)
    Spi_1::_data_size                        0x200000ac   Data           4  spi_1.o(.data)
    Spi_1::_baud_rate                        0x200000b0   Data           4  spi_1.o(.data)
    Spi_1::_first_bit                        0x200000b4   Data           4  spi_1.o(.data)
    Spi_1::_data                             0x200000b8   Data           4  spi_1.o(.data)
    Spi_1::_cur_rx_read                      0x200000bc   Data           2  spi_1.o(.data)
    Spi_1::_cur_rx_write                     0x200000be   Data           2  spi_1.o(.data)
    Spi_1::_buf_size                         0x200000c0   Data           2  spi_1.o(.data)
    Spi_2::_SPIx                             0x200000c4   Data           4  spi_2.o(.data)
    Spi_2::_spi_mode                         0x200000c8   Data           4  spi_2.o(.data)
    Spi_2::_spi_work_mode                    0x200000cc   Data           4  spi_2.o(.data)
    Spi_2::_spi_num                          0x200000d0   Data           4  spi_2.o(.data)
    Spi_2::_spi_direction                    0x200000d4   Data           4  spi_2.o(.data)
    Spi_2::_data_size                        0x200000d8   Data           4  spi_2.o(.data)
    Spi_2::_baud_rate                        0x200000dc   Data           4  spi_2.o(.data)
    Spi_2::_first_bit                        0x200000e0   Data           4  spi_2.o(.data)
    Spi_2::_data                             0x200000e4   Data           4  spi_2.o(.data)
    Spi_2::_cur_rx_read                      0x200000e8   Data           2  spi_2.o(.data)
    Spi_2::_cur_rx_write                     0x200000ea   Data           2  spi_2.o(.data)
    Spi_2::_buf_size                         0x200000ec   Data           2  spi_2.o(.data)
    Spi_3::_SPIx                             0x200000f0   Data           4  spi_3.o(.data)
    Spi_3::_spi_mode                         0x200000f4   Data           4  spi_3.o(.data)
    Spi_3::_spi_work_mode                    0x200000f8   Data           4  spi_3.o(.data)
    Spi_3::_spi_num                          0x200000fc   Data           4  spi_3.o(.data)
    Spi_3::_spi_direction                    0x20000100   Data           4  spi_3.o(.data)
    Spi_3::_data_size                        0x20000104   Data           4  spi_3.o(.data)
    Spi_3::_baud_rate                        0x20000108   Data           4  spi_3.o(.data)
    Spi_3::_first_bit                        0x2000010c   Data           4  spi_3.o(.data)
    Spi_3::_data                             0x20000110   Data           2  spi_3.o(.data)
    Spi_3::_cur_rx_read                      0x20000112   Data           2  spi_3.o(.data)
    Spi_3::_cur_rx_write                     0x20000114   Data           2  spi_3.o(.data)
    Spi_3::_buf_size                         0x20000116   Data           2  spi_3.o(.data)
    _RxData                                  0x20000118   Data           4  spi_dot.o(.data)
    _available                               0x2000011c   Data           2  spi_dot.o(.data)
    num                                      0x2000011e   Data           1  spi_dot.o(.data)
    Robot::led1                              0x20000120   Data          24  main.o(.bss)
    Robot::led2                              0x20000138   Data          24  main.o(.bss)
    Robot::led3                              0x20000150   Data          24  main.o(.bss)
    Robot::m1                                0x20000168   Data          80  main.o(.bss)
    Robot::m3                                0x200001b8   Data          80  main.o(.bss)
    Robot::m2                                0x20000208   Data          80  main.o(.bss)
    Robot::m4                                0x20000258   Data          80  main.o(.bss)
    Robot::motors                            0x200002a8   Data         392  main.o(.bss)
    Robot::spi2_sck                          0x20000430   Data          24  main.o(.bss)
    Robot::spi2_mosi                         0x20000448   Data          24  main.o(.bss)
    Robot::spi2_miso                         0x20000460   Data          24  main.o(.bss)
    Robot::spi2_ck                           0x20000478   Data          24  main.o(.bss)
    Robot::spi3_mosi                         0x20000490   Data          24  main.o(.bss)
    Robot::spi3_sck                          0x200004a8   Data          24  main.o(.bss)
    Robot::OLED_DC                           0x200004c0   Data          24  main.o(.bss)
    Robot::spi3_nss                          0x200004d8   Data          24  main.o(.bss)
    Robot::OLED_res                          0x200004f0   Data          24  main.o(.bss)
    Robot::usart6_tx                         0x20000508   Data          24  main.o(.bss)
    Robot::usart6_rx                         0x20000520   Data          24  main.o(.bss)
    Robot::motors_move                       0x20000538   Data          24  main.o(.bss)
    Robot::gyro_reset                        0x20000550   Data          24  main.o(.bss)
    Robot::cap_charge                        0x20000568   Data          24  main.o(.bss)
    Robot::cap_discharge                     0x20000580   Data          24  main.o(.bss)
    Robot::dribler_control                   0x20000598   Data          24  main.o(.bss)
    Robot::adc_voltage_pin                   0x200005b0   Data          24  main.o(.bss)
    Robot::ball_sen                          0x200005c8   Data          24  main.o(.bss)
    Robot::up                                0x200005e0   Data          24  main.o(.bss)
    Robot::reset_gyro                        0x200005f8   Data          24  main.o(.bss)
    Robot::enter                             0x20000610   Data          24  main.o(.bss)
    Robot::camera                            0x20000628   Data         208  main.o(.bss)
    Robot::mpu_sensor                        0x200006f8   Data         304  main.o(.bss)
    Robot::mpu                               0x20000828   Data         360  main.o(.bss)
    usart3::tx                               0x20000990   Data          16  usart3.o(.bss)
    usart3::rx                               0x200009a0   Data          16  usart3.o(.bss)
    usart6::tx                               0x200009b0   Data          16  usart6.o(.bss)
    usart6::rx                               0x200009c0   Data          16  usart6.o(.bss)
    Spi_1::_rx_buffer                        0x200009d0   Data          32  spi_1.o(.bss)
    Spi_2::_rx_buffer                        0x200009f0   Data          32  spi_2.o(.bss)
    Spi_3::_rx_buffer                        0x20000a10   Data          16  spi_3.o(.bss)
    __libspace_start                         0x20000a20   Data          96  libspace.o(.bss)
    __temporary_stack_top$libspace           0x20000a80   Data           0  libspace.o(.bss)



==============================================================================

Memory Map of the image

  Image Entry point : 0x08000189

  Load Region LR_IROM1 (Base: 0x08000000, Size: 0x00008e4c, Max: 0x00100000, ABSOLUTE)

    Execution Region ER_IROM1 (Exec base: 0x08000000, Load base: 0x08000000, Size: 0x00008d2c, Max: 0x00100000, ABSOLUTE)

    Exec Addr    Load Addr    Size         Type   Attr      Idx    E Section Name        Object

    0x08000000   0x08000000   0x00000188   Data   RO            3    RESET               startup_stm32f407xx.o
    0x08000188   0x08000188   0x00000008   Code   RO         4550  * !!!main             c_w.l(__main.o)
    0x08000190   0x08000190   0x00000034   Code   RO         4960    !!!scatter          c_w.l(__scatter.o)
    0x080001c4   0x080001c4   0x0000001a   Code   RO         4962    !!handler_copy      c_w.l(__scatter_copy.o)
    0x080001de   0x080001de   0x00000002   PAD
    0x080001e0   0x080001e0   0x0000001c   Code   RO         4964    !!handler_zi        c_w.l(__scatter_zi.o)
    0x080001fc   0x080001fc   0x00000002   Code   RO         4889    .ARM.Collect$$libinit$$00000000  c_w.l(libinit.o)
    0x080001fe   0x080001fe   0x00000004   Code   RO         4721    .ARM.Collect$$libinit$$00000001  c_w.l(libinit2.o)
    0x08000202   0x08000202   0x00000000   Code   RO         4724    .ARM.Collect$$libinit$$00000004  c_w.l(libinit2.o)
    0x08000202   0x08000202   0x00000000   Code   RO         4727    .ARM.Collect$$libinit$$0000000A  c_w.l(libinit2.o)
    0x08000202   0x08000202   0x00000000   Code   RO         4729    .ARM.Collect$$libinit$$0000000C  c_w.l(libinit2.o)
    0x08000202   0x08000202   0x00000000   Code   RO         4731    .ARM.Collect$$libinit$$0000000E  c_w.l(libinit2.o)
    0x08000202   0x08000202   0x00000000   Code   RO         4734    .ARM.Collect$$libinit$$00000011  c_w.l(libinit2.o)
    0x08000202   0x08000202   0x00000000   Code   RO         4736    .ARM.Collect$$libinit$$00000013  c_w.l(libinit2.o)
    0x08000202   0x08000202   0x00000000   Code   RO         4738    .ARM.Collect$$libinit$$00000015  c_w.l(libinit2.o)
    0x08000202   0x08000202   0x00000000   Code   RO         4740    .ARM.Collect$$libinit$$00000017  c_w.l(libinit2.o)
    0x08000202   0x08000202   0x00000000   Code   RO         4742    .ARM.Collect$$libinit$$00000019  c_w.l(libinit2.o)
    0x08000202   0x08000202   0x00000000   Code   RO         4744    .ARM.Collect$$libinit$$0000001B  c_w.l(libinit2.o)
    0x08000202   0x08000202   0x00000000   Code   RO         4746    .ARM.Collect$$libinit$$0000001D  c_w.l(libinit2.o)
    0x08000202   0x08000202   0x00000000   Code   RO         4748    .ARM.Collect$$libinit$$0000001F  c_w.l(libinit2.o)
    0x08000202   0x08000202   0x00000000   Code   RO         4750    .ARM.Collect$$libinit$$00000021  c_w.l(libinit2.o)
    0x08000202   0x08000202   0x00000000   Code   RO         4752    .ARM.Collect$$libinit$$00000023  c_w.l(libinit2.o)
    0x08000202   0x08000202   0x00000000   Code   RO         4754    .ARM.Collect$$libinit$$00000025  c_w.l(libinit2.o)
    0x08000202   0x08000202   0x00000000   Code   RO         4758    .ARM.Collect$$libinit$$0000002C  c_w.l(libinit2.o)
    0x08000202   0x08000202   0x00000000   Code   RO         4760    .ARM.Collect$$libinit$$0000002E  c_w.l(libinit2.o)
    0x08000202   0x08000202   0x00000000   Code   RO         4762    .ARM.Collect$$libinit$$00000030  c_w.l(libinit2.o)
    0x08000202   0x08000202   0x00000004   Code   RO         4763    .ARM.Collect$$libinit$$00000031  c_w.l(libinit2.o)
    0x08000206   0x08000206   0x00000000   Code   RO         4764    .ARM.Collect$$libinit$$00000032  c_w.l(libinit2.o)
    0x08000206   0x08000206   0x00000002   Code   RO         4765    .ARM.Collect$$libinit$$00000033  c_w.l(libinit2.o)
    0x08000208   0x08000208   0x00000002   Code   RO         4921    .ARM.Collect$$libshutdown$$00000000  c_w.l(libshutdown.o)
    0x0800020a   0x0800020a   0x00000000   Code   RO         4925    .ARM.Collect$$libshutdown$$00000002  c_w.l(libshutdown2.o)
    0x0800020a   0x0800020a   0x00000000   Code   RO         4927    .ARM.Collect$$libshutdown$$00000004  c_w.l(libshutdown2.o)
    0x0800020a   0x0800020a   0x00000000   Code   RO         4929    .ARM.Collect$$libshutdown$$00000006  c_w.l(libshutdown2.o)
    0x0800020a   0x0800020a   0x00000000   Code   RO         4932    .ARM.Collect$$libshutdown$$00000009  c_w.l(libshutdown2.o)
    0x0800020a   0x0800020a   0x00000000   Code   RO         4935    .ARM.Collect$$libshutdown$$0000000C  c_w.l(libshutdown2.o)
    0x0800020a   0x0800020a   0x00000000   Code   RO         4937    .ARM.Collect$$libshutdown$$0000000E  c_w.l(libshutdown2.o)
    0x0800020a   0x0800020a   0x00000000   Code   RO         4940    .ARM.Collect$$libshutdown$$00000011  c_w.l(libshutdown2.o)
    0x0800020a   0x0800020a   0x00000002   Code   RO         4941    .ARM.Collect$$libshutdown$$00000012  c_w.l(libshutdown2.o)
    0x0800020c   0x0800020c   0x00000000   Code   RO         4718    .ARM.Collect$$rtentry$$00000000  c_w.l(__rtentry.o)
    0x0800020c   0x0800020c   0x00000000   Code   RO         4848    .ARM.Collect$$rtentry$$00000002  c_w.l(__rtentry2.o)
    0x0800020c   0x0800020c   0x00000006   Code   RO         4860    .ARM.Collect$$rtentry$$00000004  c_w.l(__rtentry4.o)
    0x08000212   0x08000212   0x00000000   Code   RO         4850    .ARM.Collect$$rtentry$$00000009  c_w.l(__rtentry2.o)
    0x08000212   0x08000212   0x00000004   Code   RO         4851    .ARM.Collect$$rtentry$$0000000A  c_w.l(__rtentry2.o)
    0x08000216   0x08000216   0x00000000   Code   RO         4853    .ARM.Collect$$rtentry$$0000000C  c_w.l(__rtentry2.o)
    0x08000216   0x08000216   0x00000008   Code   RO         4854    .ARM.Collect$$rtentry$$0000000D  c_w.l(__rtentry2.o)
    0x0800021e   0x0800021e   0x00000002   Code   RO         4892    .ARM.Collect$$rtexit$$00000000  c_w.l(rtexit.o)
    0x08000220   0x08000220   0x00000000   Code   RO         4903    .ARM.Collect$$rtexit$$00000002  c_w.l(rtexit2.o)
    0x08000220   0x08000220   0x00000004   Code   RO         4904    .ARM.Collect$$rtexit$$00000003  c_w.l(rtexit2.o)
    0x08000224   0x08000224   0x00000006   Code   RO         4905    .ARM.Collect$$rtexit$$00000004  c_w.l(rtexit2.o)
    0x0800022a   0x0800022a   0x00000002   PAD
    0x0800022c   0x0800022c   0x00000040   Code   RO            4    .text               startup_stm32f407xx.o
    0x0800026c   0x0800026c   0x00000002   Code   RO         4544    .text               c_w.l(use_no_semi.o)
    0x0800026e   0x0800026e   0x00000064   Code   RO         4546    .text               c_w.l(rt_memcpy_w.o)
    0x080002d2   0x080002d2   0x00000006   Code   RO         4548    .text               c_w.l(heapauxi.o)
    0x080002d8   0x080002d8   0x00000024   Code   RO         4555    .text               c_w.l(init_aeabi.o)
    0x080002fc   0x080002fc   0x00000016   Code   RO         4719    .text               c_w.l(_rserrno.o)
    0x08000312   0x08000312   0x00000002   PAD
    0x08000314   0x08000314   0x00000008   Code   RO         4865    .text               c_w.l(rt_errno_addr_intlibspace.o)
    0x0800031c   0x0800031c   0x00000008   Code   RO         4873    .text               c_w.l(libspace.o)
    0x08000324   0x08000324   0x0000004a   Code   RO         4876    .text               c_w.l(sys_stackheap_outer.o)
    0x0800036e   0x0800036e   0x00000012   Code   RO         4878    .text               c_w.l(exit.o)
    0x08000380   0x08000380   0x000001ac   Code   RO         1275    i.GPIO_Init         stm32f4xx_gpio.o
    0x0800052c   0x0800052c   0x000001ac   Code   RO         1276    i.GPIO_PinAFConfig  stm32f4xx_gpio.o
    0x080006d8   0x080006d8   0x000000b4   Code   RO         1282    i.GPIO_ResetBits    stm32f4xx_gpio.o
    0x0800078c   0x0800078c   0x000000b4   Code   RO         1283    i.GPIO_SetBits      stm32f4xx_gpio.o
    0x08000840   0x08000840   0x00000070   Code   RO         1610    i.RCC_AHB1PeriphClockCmd  stm32f4xx_rcc.o
    0x080008b0   0x080008b0   0x0000006c   Code   RO         1619    i.RCC_APB1PeriphClockCmd  stm32f4xx_rcc.o
    0x0800091c   0x0800091c   0x00000070   Code   RO         1622    i.RCC_APB2PeriphClockCmd  stm32f4xx_rcc.o
    0x0800098c   0x0800098c   0x000000e8   Code   RO         1631    i.RCC_GetClocksFreq  stm32f4xx_rcc.o
    0x08000a74   0x08000a74   0x0000006c   Code   RO         3376    i.SPI1_IRQHandler   spi_1.o
    0x08000ae0   0x08000ae0   0x0000006c   Code   RO         3453    i.SPI2_IRQHandler   spi_2.o
    0x08000b4c   0x08000b4c   0x00000074   Code   RO         3514    i.SPI3_IRQHandler   spi_3.o
    0x08000bc0   0x08000bc0   0x000000c4   Code   RO         1965    i.SPI_I2S_GetFlagStatus  stm32f4xx_spi.o
    0x08000c84   0x08000c84   0x00000110   Code   RO          452    i.SetSysClock       system_stm32f4xx.o
    0x08000d94   0x08000d94   0x00000010   Code   RO         3117    i.SysTick_Handler   time_service.o
    0x08000da4   0x08000da4   0x00000068   Code   RO          454    i.SystemInit        system_stm32f4xx.o
    0x08000e0c   0x08000e0c   0x00000108   Code   RO         2127    i.TIM_BDTRConfig    stm32f4xx_tim.o
    0x08000f14   0x08000f14   0x000000e4   Code   RO         2138    i.TIM_Cmd           stm32f4xx_tim.o
    0x08000ff8   0x08000ff8   0x00000078   Code   RO         2140    i.TIM_CtrlPWMOutputs  stm32f4xx_tim.o
    0x08001070   0x08001070   0x000001dc   Code   RO         2167    i.TIM_OC1Init       stm32f4xx_tim.o
    0x0800124c   0x0800124c   0x000001dc   Code   RO         2172    i.TIM_OC2Init       stm32f4xx_tim.o
    0x08001428   0x08001428   0x000001c4   Code   RO         2177    i.TIM_OC3Init       stm32f4xx_tim.o
    0x080015ec   0x080015ec   0x00000158   Code   RO         2182    i.TIM_OC4Init       stm32f4xx_tim.o
    0x08001744   0x08001744   0x000000ac   Code   RO         2200    i.TIM_SetCompare1   stm32f4xx_tim.o
    0x080017f0   0x080017f0   0x00000084   Code   RO         2201    i.TIM_SetCompare2   stm32f4xx_tim.o
    0x08001874   0x08001874   0x00000070   Code   RO         2202    i.TIM_SetCompare3   stm32f4xx_tim.o
    0x080018e4   0x080018e4   0x00000070   Code   RO         2203    i.TIM_SetCompare4   stm32f4xx_tim.o
    0x08001954   0x08001954   0x0000016c   Code   RO         2210    i.TIM_TimeBaseInit  stm32f4xx_tim.o
    0x08001ac0   0x08001ac0   0x000000b0   Code   RO         3205    i.USART2_IRQHandler  uart2.o
    0x08001b70   0x08001b70   0x000000b0   Code   RO         3266    i.USART3_IRQHandler  usart3.o
    0x08001c20   0x08001c20   0x000000b0   Code   RO         3321    i.USART6_IRQHandler  usart6.o
    0x08001cd0   0x08001cd0   0x00000104   Code   RO         2692    i.USART_ClearITPendingBit  stm32f4xx_usart.o
    0x08001dd4   0x08001dd4   0x000000c0   Code   RO         2695    i.USART_Cmd         stm32f4xx_usart.o
    0x08001e94   0x08001e94   0x00000164   Code   RO         2701    i.USART_ITConfig    stm32f4xx_usart.o
    0x08001ff8   0x08001ff8   0x00000238   Code   RO         2702    i.USART_Init        stm32f4xx_usart.o
    0x08002230   0x08002230   0x00000022   Code   RO          699    i._Z22lead_to_degree_bordersi  tools.o
    0x08002252   0x08002252   0x00000002   PAD
    0x08002254   0x08002254   0x0000011c   Code   RO         4355    i._Z8initSPI2bht    spi_dot.o
    0x08002370   0x08002370   0x00000028   Code   RO         4356    i._Z8writeSPIt      spi_dot.o
    0x08002398   0x08002398   0x0000002e   Code   RO         4080    i._ZN11mpu9250_spi12readFIFOsizeEv  mpu9250_spi.o
    0x080023c6   0x080023c6   0x00000058   Code   RO         4081    i._ZN11mpu9250_spi12setAccOffsetEiii  mpu9250_spi.o
    0x0800241e   0x0800241e   0x00000002   PAD
    0x08002420   0x08002420   0x0000041c   Code   RO         4082    i._ZN11mpu9250_spi12updateAnglesEdb  mpu9250_spi.o
    0x0800283c   0x0800283c   0x00000052   Code   RO         4083    i._ZN11mpu9250_spi13setGyroOffsetEiii  mpu9250_spi.o
    0x0800288e   0x0800288e   0x00000002   PAD
    0x08002890   0x08002890   0x00000030   Code   RO         4086    i._ZN11mpu9250_spi20updateAnglesFromFIFOEv  mpu9250_spi.o
    0x080028c0   0x080028c0   0x00001152   Code   RO         4087    i._ZN11mpu9250_spi21MadgwickAHRSupdateIMUEd  mpu9250_spi.o
    0x08003a12   0x08003a12   0x00000020   Code   RO         4242    i._ZN11mpu9250_spi7convertEth  mpu9250_spi.o
    0x08003a32   0x08003a32   0x00000002   PAD
    0x08003a34   0x08003a34   0x00000204   Code   RO         4095    i._ZN11mpu9250_spi7initIMUEv  mpu9250_spi.o
    0x08003c38   0x08003c38   0x00000040   Code   RO         4096    i._ZN11mpu9250_spi7invSqrtEf  mpu9250_spi.o
    0x08003c78   0x08003c78   0x00000102   Code   RO         4097    i._ZN11mpu9250_spi7readAccEv  mpu9250_spi.o
    0x08003d7a   0x08003d7a   0x00000048   Code   RO         4098    i._ZN11mpu9250_spi7readRegEiPii  mpu9250_spi.o
    0x08003dc2   0x08003dc2   0x00000102   Code   RO         4100    i._ZN11mpu9250_spi8readGyroEv  mpu9250_spi.o
    0x08003ec4   0x08003ec4   0x00000026   Code   RO         4102    i._ZN11mpu9250_spi8writeRegEih  mpu9250_spi.o
    0x08003eea   0x08003eea   0x00000016   Code   RO         4104    i._ZN11mpu9250_spiC1ER3pin  mpu9250_spi.o
    0x08003f00   0x08003f00   0x0000000c   Code   RO         3118    i._ZN12time_service10getCurTimeEv  time_service.o
    0x08003f0c   0x08003f0c   0x00000068   Code   RO         3122    i._ZN12time_service4initEv  time_service.o
    0x08003f74   0x08003f74   0x00000018   Code   RO         3124    i._ZN12time_service8delay_msEj  time_service.o
    0x08003f8c   0x08003f8c   0x00000012   Code   RO         3126    i._ZN12time_service9startTimeEv  time_service.o
    0x08003f9e   0x08003f9e   0x00000014   Code   RO           25    i._ZN3IMU12setZeroAngleEv  main.o
    0x08003fb2   0x08003fb2   0x0000000e   Code   RO           27    i._ZN3IMU20updateAnglesFromFIFOEv  main.o
    0x08003fc0   0x08003fc0   0x00000034   Code   RO           28    i._ZN3IMU4initEv    main.o
    0x08003ff4   0x08003ff4   0x000000c8   Code   RO           35    i._ZN3IMU6updateEv  main.o
    0x080040bc   0x080040bc   0x00000046   Code   RO         3023    i._ZN3pin3pwmEj     pin_setup.o
    0x08004102   0x08004102   0x00000020   Code   RO         3025    i._ZN3pin5writeEb   pin_setup.o
    0x08004122   0x08004122   0x00000010   Code   RO         3026    i._ZN3pin6setBitEv  pin_setup.o
    0x08004132   0x08004132   0x00000002   PAD
    0x08004134   0x08004134   0x00000100   Code   RO         3027    i._ZN3pin7pinInitEv  pin_setup.o
    0x08004234   0x08004234   0x00000264   Code   RO         3028    i._ZN3pin7pwmInitEjtjjhP11TIM_TypeDefb  pin_setup.o
    0x08004498   0x08004498   0x00000010   Code   RO         3030    i._ZN3pin8resetBitEv  pin_setup.o
    0x080044a8   0x080044a8   0x000003f0   Code   RO         3032    i._ZN3pinC1Echt     pin_setup.o
    0x08004898   0x08004898   0x000001c4   Code   RO         3841    i._ZN5Motor9motorMoveEd  motor.o
    0x08004a5c   0x08004a5c   0x00000228   Code   RO         3842    i._ZN5MotorC1Echthchth  motor.o
    0x08004c84   0x08004c84   0x00000044   Code   RO           40    i._ZN5Robot10init_robotEh  main.o
    0x08004cc8   0x08004cc8   0x00000060   Code   RO           41    i._ZN5Robot11control_ledEhb  main.o
    0x08004d28   0x08004d28   0x00000030   Code   RO           42    i._ZN5Robot11rotateRobotEss  main.o
    0x08004d58   0x08004d58   0x000000a8   Code   RO           43    i._ZN5Robot6updateEv  main.o
    0x08004e00   0x08004e00   0x00000030   Code   RO           44    i._ZN5Robot9moveRobotEsh  main.o
    0x08004e30   0x08004e30   0x0000007e   Code   RO         3959    i._ZN6cameraC1ER3pinS1_  openmv.o
    0x08004eae   0x08004eae   0x00000002   PAD
    0x08004eb0   0x08004eb0   0x000002f4   Code   RO         3884    i._ZN6motors12_move_vectorEv  motors.o
    0x080051a4   0x080051a4   0x0000038c   Code   RO         3887    i._ZN6motors9moveRobotEddddjj  motors.o
    0x08005530   0x08005530   0x00000062   Code   RO         3889    i._ZN6motorsC1ER5MotorS1_S1_S1_td  motors.o
    0x08005592   0x08005592   0x00000002   PAD
    0x08005594   0x08005594   0x00000164   Code   RO         3206    i._ZN6usart210usart2InitEjhf  uart2.o
    0x080056f8   0x080056f8   0x00000164   Code   RO         3322    i._ZN6usart610usart6InitEjhf  usart6.o
    0x0800585c   0x0800585c   0x00000030   Code   RO         4812    i.__ARM_fpclassify  m_wm.l(fpclassify.o)
    0x0800588c   0x0800588c   0x00000004   PAD
    0x08005890   0x08005890   0x00000360   Code   RO         4600    i.__hardfp_asin     m_wm.l(asin.o)
    0x08005bf0   0x08005bf0   0x000002d8   Code   RO         4781    i.__hardfp_atan     m_wm.l(atan.o)
    0x08005ec8   0x08005ec8   0x00000200   Code   RO         4614    i.__hardfp_atan2    m_wm.l(atan2.o)
    0x080060c8   0x080060c8   0x000000c8   Code   RO         4632    i.__hardfp_cos      m_wm.l(cos.o)
    0x08006190   0x08006190   0x00000c50   Code   RO         4668    i.__hardfp_pow      m_wm.l(pow.o)
    0x08006de0   0x08006de0   0x000000c8   Code   RO         4682    i.__hardfp_sin      m_wm.l(sin.o)
    0x08006ea8   0x08006ea8   0x0000007a   Code   RO         4706    i.__hardfp_sqrt     m_wm.l(sqrt.o)
    0x08006f22   0x08006f22   0x00000006   PAD
    0x08006f28   0x08006f28   0x00000438   Code   RO         4833    i.__ieee754_rem_pio2  m_wm.l(rred.o)
    0x08007360   0x08007360   0x00000170   Code   RO         4795    i.__kernel_cos      m_wm.l(cos_i.o)
    0x080074d0   0x080074d0   0x000000f8   Code   RO         4830    i.__kernel_poly     m_wm.l(poly.o)
    0x080075c8   0x080075c8   0x00000130   Code   RO         4841    i.__kernel_sin      m_wm.l(sin_i.o)
    0x080076f8   0x080076f8   0x00000030   Code   RO         4798    i.__mathlib_dbl_divzero  m_wm.l(dunder.o)
    0x08007728   0x08007728   0x00000014   Code   RO         4799    i.__mathlib_dbl_infnan  m_wm.l(dunder.o)
    0x0800773c   0x0800773c   0x00000014   Code   RO         4800    i.__mathlib_dbl_infnan2  m_wm.l(dunder.o)
    0x08007750   0x08007750   0x00000020   Code   RO         4801    i.__mathlib_dbl_invalid  m_wm.l(dunder.o)
    0x08007770   0x08007770   0x00000020   Code   RO         4802    i.__mathlib_dbl_overflow  m_wm.l(dunder.o)
    0x08007790   0x08007790   0x00000020   Code   RO         4804    i.__mathlib_dbl_underflow  m_wm.l(dunder.o)
    0x080077b0   0x080077b0   0x000002a8   Code   RO           45    i.__sti___8_main_cpp_3a8c9cbf  main.o
    0x08007a58   0x08007a58   0x00000004   Code   RO          598    i._sys_exit         retarget.o
    0x08007a5c   0x08007a5c   0x0000000a   Code   RO          600    i.assert_failed     retarget.o
    0x08007a66   0x08007a66   0x00000010   Code   RO         4783    i.atan              m_wm.l(atan.o)
    0x08007a76   0x08007a76   0x00000018   Code   RO         4658    i.fabs              m_wm.l(fabs.o)
    0x08007a8e   0x08007a8e   0x00000020   Code   RO           46    i.main              main.o
    0x08007aae   0x08007aae   0x0000006e   Code   RO         4708    i.sqrt              m_wm.l(sqrt.o)
    0x08007b1c   0x08007b1c   0x00000018   Code   RO         4558    x$fpl$basic         fz_wm.l(basic.o)
    0x08007b34   0x08007b34   0x00000062   Code   RO         4560    x$fpl$d2f           fz_wm.l(d2f.o)
    0x08007b96   0x08007b96   0x00000002   PAD
    0x08007b98   0x08007b98   0x00000150   Code   RO         4562    x$fpl$dadd          fz_wm.l(daddsub_clz.o)
    0x08007ce8   0x08007ce8   0x00000010   Code   RO         4869    x$fpl$dcheck1       fz_wm.l(dcheck1.o)
    0x08007cf8   0x08007cf8   0x00000018   Code   RO         4766    x$fpl$dcmpinf       fz_wm.l(dcmpi.o)
    0x08007d10   0x08007d10   0x000002b0   Code   RO         4569    x$fpl$ddiv          fz_wm.l(ddiv.o)
    0x08007fc0   0x08007fc0   0x00000078   Code   RO         4572    x$fpl$deqf          fz_wm.l(deqf.o)
    0x08008038   0x08008038   0x0000005e   Code   RO         4574    x$fpl$dfix          fz_wm.l(dfix.o)
    0x08008096   0x08008096   0x00000002   PAD
    0x08008098   0x08008098   0x0000005a   Code   RO         4578    x$fpl$dfixu         fz_wm.l(dfixu.o)
    0x080080f2   0x080080f2   0x0000002e   Code   RO         4583    x$fpl$dflt          fz_wm.l(dflt_clz.o)
    0x08008120   0x08008120   0x000000a2   Code   RO         4588    x$fpl$dfltll        fz_wm.l(dfltll_clz.o)
    0x080081c2   0x080081c2   0x00000026   Code   RO         4582    x$fpl$dfltu         fz_wm.l(dflt_clz.o)
    0x080081e8   0x080081e8   0x00000078   Code   RO         4592    x$fpl$dleqf         fz_wm.l(dleqf.o)
    0x08008260   0x08008260   0x00000154   Code   RO         4594    x$fpl$dmul          fz_wm.l(dmul.o)
    0x080083b4   0x080083b4   0x0000009c   Code   RO         4768    x$fpl$dnaninf       fz_wm.l(dnaninf.o)
    0x08008450   0x08008450   0x0000000c   Code   RO         4770    x$fpl$dretinf       fz_wm.l(dretinf.o)
    0x0800845c   0x0800845c   0x0000006c   Code   RO         4596    x$fpl$drleqf        fz_wm.l(drleqf.o)
    0x080084c8   0x080084c8   0x00000016   Code   RO         4563    x$fpl$drsb          fz_wm.l(daddsub_clz.o)
    0x080084de   0x080084de   0x00000002   PAD
    0x080084e0   0x080084e0   0x00000198   Code   RO         4772    x$fpl$dsqrt         fz_wm.l(dsqrt_umaal.o)
    0x08008678   0x08008678   0x000001d4   Code   RO         4564    x$fpl$dsub          fz_wm.l(daddsub_clz.o)
    0x0800884c   0x0800884c   0x00000056   Code   RO         4598    x$fpl$f2d           fz_wm.l(f2d.o)
    0x080088a2   0x080088a2   0x0000008c   Code   RO         4774    x$fpl$fnaninf       fz_wm.l(fnaninf.o)
    0x0800892e   0x0800892e   0x0000000a   Code   RO         4871    x$fpl$fpinit        fz_wm.l(fpinit.o)
    0x08008938   0x08008938   0x0000000a   Code   RO         4776    x$fpl$fretinf       fz_wm.l(fretinf.o)
    0x08008942   0x08008942   0x00000064   Code   RO         4890    x$fpl$retnan        fz_wm.l(retnan.o)
    0x080089a6   0x080089a6   0x0000005c   Code   RO         4778    x$fpl$scalbn        fz_wm.l(scalbn.o)
    0x08008a02   0x08008a02   0x00000030   Code   RO         4900    x$fpl$trapveneer    fz_wm.l(trapv.o)
    0x08008a32   0x08008a32   0x00000000   Code   RO         4780    x$fpl$usenofp       fz_wm.l(usenofp.o)
    0x08008a32   0x08008a32   0x0000003d   Data   RO          613    .constdata          retarget.o
    0x08008a6f   0x08008a6f   0x00000001   PAD
    0x08008a70   0x08008a70   0x00000050   Data   RO         4603    .constdata          m_wm.l(asin.o)
    0x08008ac0   0x08008ac0   0x00000088   Data   RO         4671    .constdata          m_wm.l(pow.o)
    0x08008b48   0x08008b48   0x00000098   Data   RO         4784    .constdata          m_wm.l(atan.o)
    0x08008be0   0x08008be0   0x00000030   Data   RO         4796    .constdata          m_wm.l(cos_i.o)
    0x08008c10   0x08008c10   0x00000008   Data   RO         4832    .constdata          m_wm.l(qnan.o)
    0x08008c18   0x08008c18   0x000000c8   Data   RO         4835    .constdata          m_wm.l(rred.o)
    0x08008ce0   0x08008ce0   0x00000028   Data   RO         4842    .constdata          m_wm.l(sin_i.o)
    0x08008d08   0x08008d08   0x00000020   Data   RO         4958    Region$$Table       anon$$obj.o
    0x08008d28   0x08008d28   0x00000004   Data   RO           83    .init_array         main.o
    0x08008d2c   0x08008d28   0x00000000   Data   RO         4553    .init_array         c_w.l(init_aeabi.o)


    Execution Region RW_IRAM1 (Exec base: 0x20000000, Load base: 0x08008d2c, Size: 0x00002970, Max: 0x00020000, ABSOLUTE)

    Exec Addr    Load Addr    Size         Type   Attr      Idx    E Section Name        Object

    0x20000000   0x08008d2c   0x0000004d   Data   RW           82    .data               main.o
    0x2000004d   0x08008d79   0x00000003   PAD
    0x20000050   0x08008d7c   0x00000004   Data   RW          456    .data               system_stm32f4xx.o
    0x20000054   0x08008d80   0x00000010   Data   RW         1663    .data               stm32f4xx_rcc.o
    0x20000064   0x08008d90   0x00000004   Data   RW         3137    .data               time_service.o
    0x20000068   0x08008d94   0x0000001a   Data   RW         3215    .data               uart2.o
    0x20000082   0x08008dae   0x0000000a   Data   RW         3277    .data               usart3.o
    0x2000008c   0x08008db8   0x0000000a   Data   RW         3332    .data               usart6.o
    0x20000096   0x08008dc2   0x00000002   PAD
    0x20000098   0x08008dc4   0x0000002a   Data   RW         3391    .data               spi_1.o
    0x200000c2   0x08008dee   0x00000002   PAD
    0x200000c4   0x08008df0   0x0000002a   Data   RW         3466    .data               spi_2.o
    0x200000ee   0x08008e1a   0x00000002   PAD
    0x200000f0   0x08008e1c   0x00000028   Data   RW         3529    .data               spi_3.o
    0x20000118   0x08008e44   0x00000007   Data   RW         4359    .data               spi_dot.o
    0x2000011f   0x08008e4b   0x00000001   PAD
    0x20000120        -       0x00000870   Zero   RW           81    .bss                main.o
    0x20000990        -       0x00000020   Zero   RW         3276    .bss                usart3.o
    0x200009b0        -       0x00000020   Zero   RW         3331    .bss                usart6.o
    0x200009d0        -       0x00000020   Zero   RW         3390    .bss                spi_1.o
    0x200009f0        -       0x00000020   Zero   RW         3465    .bss                spi_2.o
    0x20000a10        -       0x00000010   Zero   RW         3528    .bss                spi_3.o
    0x20000a20        -       0x00000060   Zero   RW         4874    .bss                c_w.l(libspace.o)
    0x20000a80        -       0x00000f00   Zero   RW            2    HEAP                startup_stm32f407xx.o
    0x20001980        -       0x00000ff0   Zero   RW            1    STACK               startup_stm32f407xx.o


==============================================================================

Image component sizes


      Code (inc. data)   RO Data    RW Data    ZI Data      Debug   Object Name

      1426        244          4         77       2160     289961   main.o
         0          0          0          0          0      15392   misc.o
      1004        106          0          0          0       2828   motor.o
      1762         42          0          0          0       4012   motors.o
      7010        142          0          0          0      13080   mpu9250_spi.o
       126          0          0          0          0       3920   openmv.o
      2010        132          0          0          0       7652   pin_setup.o
        14          0         61          0          0       3140   retarget.o
       108         16          0         42         32       1386   spi_1.o
       108         18          0         42         32       1382   spi_2.o
       116         18          0         40         16       1390   spi_3.o
       324         26          0          7          0       1891   spi_dot.o
        64         26        392          0       7920        864   startup_stm32f407xx.o
      1216        304          0          0          0      10479   stm32f4xx_gpio.o
       564        140          0         16          0      20199   stm32f4xx_rcc.o
       196         62          0          0          0       9512   stm32f4xx_spi.o
      3252        744          0          0          0      29111   stm32f4xx_tim.o
      1376        292          0          0          0      10060   stm32f4xx_usart.o
       376         26          0          4          0     243251   system_stm32f4xx.o
       174         24          0          4          0      32885   time_service.o
        34          0          0          0          0        537   tools.o
       532         80          0         26          0      31935   uart2.o
       176         28          0         10         32       1292   usart3.o
       532         76          0         10         32       2340   usart6.o

    ----------------------------------------------------------------------
     22514       2546        490        288      10224     738499   Object Totals
         0          0         32          0          0          0   (incl. Generated)
        14          0          1         10          0          0   (incl. Padding)

    ----------------------------------------------------------------------

      Code (inc. data)   RO Data    RW Data    ZI Data      Debug   Library Member Name

         8          0          0          0          0         68   __main.o
         0          0          0          0          0          0   __rtentry.o
        12          0          0          0          0          0   __rtentry2.o
         6          0          0          0          0          0   __rtentry4.o
        52          8          0          0          0          0   __scatter.o
        26          0          0          0          0          0   __scatter_copy.o
        28          0          0          0          0          0   __scatter_zi.o
        22          0          0          0          0        100   _rserrno.o
        18          0          0          0          0         80   exit.o
         6          0          0          0          0        152   heapauxi.o
        36         10          0          0          0         80   init_aeabi.o
         2          0          0          0          0          0   libinit.o
        10          0          0          0          0          0   libinit2.o
         2          0          0          0          0          0   libshutdown.o
         2          0          0          0          0          0   libshutdown2.o
         8          4          0          0         96         68   libspace.o
         8          4          0          0          0         68   rt_errno_addr_intlibspace.o
       100          0          0          0          0         80   rt_memcpy_w.o
         2          0          0          0          0          0   rtexit.o
        10          0          0          0          0          0   rtexit2.o
        74          0          0          0          0         80   sys_stackheap_outer.o
         2          0          0          0          0         68   use_no_semi.o
        24          0          0          0          0        164   basic.o
        98          4          0          0          0        140   d2f.o
       826         16          0          0          0        492   daddsub_clz.o
        16          4          0          0          0        116   dcheck1.o
        24          0          0          0          0        116   dcmpi.o
       688        140          0          0          0        256   ddiv.o
       120          4          0          0          0        140   deqf.o
        94          4          0          0          0        140   dfix.o
        90          4          0          0          0        140   dfixu.o
        84          0          0          0          0        232   dflt_clz.o
       162          0          0          0          0        132   dfltll_clz.o
       120          4          0          0          0        140   dleqf.o
       340         12          0          0          0        152   dmul.o
       156          4          0          0          0        140   dnaninf.o
        12          0          0          0          0        116   dretinf.o
       108          0          0          0          0        128   drleqf.o
       408         56          0          0          0        168   dsqrt_umaal.o
        86          4          0          0          0        132   f2d.o
       140          4          0          0          0        132   fnaninf.o
        10          0          0          0          0        116   fpinit.o
        10          0          0          0          0        116   fretinf.o
       100          0          0          0          0        116   retnan.o
        92          0          0          0          0        116   scalbn.o
        48          0          0          0          0        116   trapv.o
         0          0          0          0          0          0   usenofp.o
       864         94         80          0          0        280   asin.o
       744        106        152          0          0        352   atan.o
       512         64          0          0          0        208   atan2.o
       200         20          0          0          0        164   cos.o
       368         46         48          0          0        200   cos_i.o
       184         44          0          0          0        744   dunder.o
        24          0          0          0          0        124   fabs.o
        48          0          0          0          0        124   fpclassify.o
       248          0          0          0          0        152   poly.o
      3152        296        136          0          0        352   pow.o
         0          0          8          0          0          0   qnan.o
      1080        142        200          0          0        188   rred.o
       200         20          0          0          0        164   sin.o
       304         24         40          0          0        208   sin_i.o
       232          0          0          0          0        296   sqrt.o

    ----------------------------------------------------------------------
     12472       1142        664          0         96       8156   Library Totals
        22          0          0          0          0          0   (incl. Padding)

    ----------------------------------------------------------------------

      Code (inc. data)   RO Data    RW Data    ZI Data      Debug   Library Name

       434         26          0          0         96        844   c_w.l
      3856        260          0          0          0       3756   fz_wm.l
      8160        856        664          0          0       3556   m_wm.l

    ----------------------------------------------------------------------
     12472       1142        664          0         96       8156   Library Totals

    ----------------------------------------------------------------------

==============================================================================


      Code (inc. data)   RO Data    RW Data    ZI Data      Debug   

     34986       3688       1154        288      10320     733943   Grand Totals
     34986       3688       1154        288      10320     733943   ELF Image Totals
     34986       3688       1154        288          0          0   ROM Totals

==============================================================================

    Total RO  Size (Code + RO Data)                36140 (  35.29kB)
    Total RW  Size (RW Data + ZI Data)             10608 (  10.36kB)
    Total ROM Size (Code + RO Data + RW Data)      36428 (  35.57kB)

==============================================================================

